Component: ARM Compiler 5.06 update 7 (build 960) Tool: armlink [4d3601]

==============================================================================

Section Cross References

    startup_stm32f103x6.o(RESET) refers to startup_stm32f103x6.o(STACK) for __initial_sp
    startup_stm32f103x6.o(RESET) refers to startup_stm32f103x6.o(.text) for Reset_Handler
    startup_stm32f103x6.o(RESET) refers to stm32f1xx_it.o(i.NMI_Handler) for NMI_Handler
    startup_stm32f103x6.o(RESET) refers to stm32f1xx_it.o(i.HardFault_Handler) for HardFault_Handler
    startup_stm32f103x6.o(RESET) refers to stm32f1xx_it.o(i.MemManage_Handler) for MemManage_Handler
    startup_stm32f103x6.o(RESET) refers to stm32f1xx_it.o(i.BusFault_Handler) for BusFault_Handler
    startup_stm32f103x6.o(RESET) refers to stm32f1xx_it.o(i.UsageFault_Handler) for UsageFault_Handler
    startup_stm32f103x6.o(RESET) refers to stm32f1xx_it.o(i.SVC_Handler) for SVC_Handler
    startup_stm32f103x6.o(RESET) refers to stm32f1xx_it.o(i.DebugMon_Handler) for DebugMon_Handler
    startup_stm32f103x6.o(RESET) refers to stm32f1xx_it.o(i.PendSV_Handler) for PendSV_Handler
    startup_stm32f103x6.o(RESET) refers to stm32f1xx_it.o(i.SysTick_Handler) for SysTick_Handler
    startup_stm32f103x6.o(RESET) refers to stm32f1xx_it.o(i.DMA1_Channel1_IRQHandler) for DMA1_Channel1_IRQHandler
    startup_stm32f103x6.o(RESET) refers to stm32f1xx_it.o(i.TIM1_UP_IRQHandler) for TIM1_UP_IRQHandler
    startup_stm32f103x6.o(RESET) refers to stm32f1xx_it.o(i.TIM2_IRQHandler) for TIM2_IRQHandler
    startup_stm32f103x6.o(RESET) refers to stm32f1xx_it.o(i.USART1_IRQHandler) for USART1_IRQHandler
    startup_stm32f103x6.o(RESET) refers to stm32f1xx_it.o(i.EXTI15_10_IRQHandler) for EXTI15_10_IRQHandler
    startup_stm32f103x6.o(.text) refers to system_stm32f1xx.o(i.SystemInit) for SystemInit
    startup_stm32f103x6.o(.text) refers to entry.o(.ARM.Collect$$$$00000000) for __main
    main.o(i.HAL_GPIO_EXTI_Callback) refers to stm32f1xx_hal_tim.o(i.HAL_TIM_Base_Start) for HAL_TIM_Base_Start
    main.o(i.HAL_GPIO_EXTI_Callback) refers to stm32f1xx_hal_tim.o(i.HAL_TIM_Base_Stop) for HAL_TIM_Base_Stop
    main.o(i.HAL_GPIO_EXTI_Callback) refers to main.o(.data) for .data
    main.o(i.HAL_GPIO_EXTI_Callback) refers to tim.o(.bss) for htim2
    main.o(i.HAL_TIM_PeriodElapsedCallback) refers to tim.o(.bss) for htim1
    main.o(i.HAL_TIM_PeriodElapsedCallback) refers to main.o(.data) for .data
    main.o(i.Lumos) refers to stm32f1xx_hal_tim.o(i.HAL_TIM_PWM_Start) for HAL_TIM_PWM_Start
    main.o(i.Lumos) refers to stm32f1xx_hal.o(i.HAL_Delay) for HAL_Delay
    main.o(i.Lumos) refers to stm32f1xx_hal_tim.o(i.HAL_TIM_PWM_Stop) for HAL_TIM_PWM_Stop
    main.o(i.Lumos) refers to tim.o(.bss) for htim3
    main.o(i.SystemClock_Config) refers to memseta.o(.text) for __aeabi_memclr4
    main.o(i.SystemClock_Config) refers to stm32f1xx_hal_rcc.o(i.HAL_RCC_OscConfig) for HAL_RCC_OscConfig
    main.o(i.SystemClock_Config) refers to stm32f1xx_hal_rcc.o(i.HAL_RCC_ClockConfig) for HAL_RCC_ClockConfig
    main.o(i.SystemClock_Config) refers to stm32f1xx_hal_rcc_ex.o(i.HAL_RCCEx_PeriphCLKConfig) for HAL_RCCEx_PeriphCLKConfig
    main.o(i.main) refers to stm32f1xx_hal.o(i.HAL_Init) for HAL_Init
    main.o(i.main) refers to main.o(i.SystemClock_Config) for SystemClock_Config
    main.o(i.main) refers to gpio.o(i.MX_GPIO_Init) for MX_GPIO_Init
    main.o(i.main) refers to dma.o(i.MX_DMA_Init) for MX_DMA_Init
    main.o(i.main) refers to adc.o(i.MX_ADC1_Init) for MX_ADC1_Init
    main.o(i.main) refers to tim.o(i.MX_TIM1_Init) for MX_TIM1_Init
    main.o(i.main) refers to tim.o(i.MX_TIM2_Init) for MX_TIM2_Init
    main.o(i.main) refers to tim.o(i.MX_TIM3_Init) for MX_TIM3_Init
    main.o(i.main) refers to usart.o(i.MX_USART1_UART_Init) for MX_USART1_UART_Init
    main.o(i.main) refers to gets.o(i.gets) for gets
    main.o(i.main) refers to strncmp.o(.text) for strncmp
    main.o(i.main) refers to printfa.o(i.__0printf) for __2printf
    main.o(i.main) refers to main.o(i.motor_init) for motor_init
    main.o(i.main) refers to main.o(i.Lumos) for Lumos
    main.o(i.main) refers to main.o(i.sonic_init) for sonic_init
    main.o(i.main) refers to ffltui.o(.text) for __aeabi_ui2f
    main.o(i.main) refers to main.o(i.printUart) for printUart
    main.o(i.main) refers to stm32f1xx_hal_adc.o(i.HAL_ADC_Start_DMA) for HAL_ADC_Start_DMA
    main.o(i.main) refers to stm32f1xx_hal_tim.o(i.HAL_TIM_Base_Start_IT) for HAL_TIM_Base_Start_IT
    main.o(i.main) refers to dfltui.o(.text) for __aeabi_ui2d
    main.o(i.main) refers to dscalb.o(.text) for __ARM_scalbn
    main.o(i.main) refers to f2d.o(.text) for __aeabi_f2d
    main.o(i.main) refers to dadd.o(.text) for __aeabi_dadd
    main.o(i.main) refers to d2f.o(.text) for __aeabi_d2f
    main.o(i.main) refers to fadd.o(.text) for __aeabi_fadd
    main.o(i.main) refers to fdiv.o(.text) for __aeabi_fdiv
    main.o(i.main) refers to fscalb.o(.text) for __ARM_scalbnf
[...]
    Removing stm32f1xx_hal_tim_ex.o(i.HAL_TIMEx_GetChannelNState), (36 bytes).
    Removing stm32f1xx_hal_tim_ex.o(i.HAL_TIMEx_HallSensor_DeInit), (76 bytes).
    Removing stm32f1xx_hal_tim_ex.o(i.HAL_TIMEx_HallSensor_GetState), (6 bytes).
    Removing stm32f1xx_hal_tim_ex.o(i.HAL_TIMEx_HallSensor_Init), (212 bytes).
    Removing stm32f1xx_hal_tim_ex.o(i.HAL_TIMEx_HallSensor_MspDeInit), (2 bytes).
    Removing stm32f1xx_hal_tim_ex.o(i.HAL_TIMEx_HallSensor_MspInit), (2 bytes).
    Removing stm32f1xx_hal_tim_ex.o(i.HAL_TIMEx_HallSensor_Start), (128 bytes).
    Removing stm32f1xx_hal_tim_ex.o(i.HAL_TIMEx_HallSensor_Start_DMA), (192 bytes).
    Removing stm32f1xx_hal_tim_ex.o(i.HAL_TIMEx_HallSensor_Start_IT), (138 bytes).
    Removing stm32f1xx_hal_tim_ex.o(i.HAL_TIMEx_HallSensor_Stop), (64 bytes).
    Removing stm32f1xx_hal_tim_ex.o(i.HAL_TIMEx_HallSensor_Stop_DMA), (72 bytes).
    Removing stm32f1xx_hal_tim_ex.o(i.HAL_TIMEx_HallSensor_Stop_IT), (74 bytes).
    Removing stm32f1xx_hal_tim_ex.o(i.HAL_TIMEx_OCN_Start), (158 bytes).
    Removing stm32f1xx_hal_tim_ex.o(i.HAL_TIMEx_OCN_Start_DMA), (376 bytes).
    Removing stm32f1xx_hal_tim_ex.o(i.HAL_TIMEx_OCN_Start_IT), (214 bytes).
    Removing stm32f1xx_hal_tim_ex.o(i.HAL_TIMEx_OCN_Stop), (106 bytes).
    Removing stm32f1xx_hal_tim_ex.o(i.HAL_TIMEx_OCN_Stop_DMA), (168 bytes).
    Removing stm32f1xx_hal_tim_ex.o(i.HAL_TIMEx_OCN_Stop_IT), (166 bytes).
    Removing stm32f1xx_hal_tim_ex.o(i.HAL_TIMEx_OnePulseN_Start), (104 bytes).
    Removing stm32f1xx_hal_tim_ex.o(i.HAL_TIMEx_OnePulseN_Start_IT), (128 bytes).
    Removing stm32f1xx_hal_tim_ex.o(i.HAL_TIMEx_OnePulseN_Stop), (106 bytes).
    Removing stm32f1xx_hal_tim_ex.o(i.HAL_TIMEx_OnePulseN_Stop_IT), (126 bytes).
    Removing stm32f1xx_hal_tim_ex.o(i.HAL_TIMEx_PWMN_Start), (158 bytes).
    Removing stm32f1xx_hal_tim_ex.o(i.HAL_TIMEx_PWMN_Start_DMA), (376 bytes).
    Removing stm32f1xx_hal_tim_ex.o(i.HAL_TIMEx_PWMN_Start_IT), (214 bytes).
    Removing stm32f1xx_hal_tim_ex.o(i.HAL_TIMEx_PWMN_Stop), (106 bytes).
    Removing stm32f1xx_hal_tim_ex.o(i.HAL_TIMEx_PWMN_Stop_DMA), (168 bytes).
    Removing stm32f1xx_hal_tim_ex.o(i.HAL_TIMEx_PWMN_Stop_IT), (166 bytes).
    Removing stm32f1xx_hal_tim_ex.o(i.HAL_TIMEx_RemapConfig), (4 bytes).
    Removing stm32f1xx_hal_tim_ex.o(i.TIMEx_DMACommutationCplt), (16 bytes).
    Removing stm32f1xx_hal_tim_ex.o(i.TIMEx_DMACommutationHalfCplt), (16 bytes).
    Removing stm32f1xx_hal_tim_ex.o(i.TIM_CCxNChannelCmd), (30 bytes).
    Removing stm32f1xx_hal_tim_ex.o(i.TIM_DMADelayPulseNCplt), (94 bytes).
    Removing stm32f1xx_hal_tim_ex.o(i.TIM_DMAErrorCCxN), (62 bytes).
    Removing stm32f1xx_hal_uart.o(.rev16_text), (4 bytes).
    Removing stm32f1xx_hal_uart.o(.revsh_text), (4 bytes).
    Removing stm32f1xx_hal_uart.o(.rrx_text), (6 bytes).
    Removing stm32f1xx_hal_uart.o(i.HAL_HalfDuplex_EnableReceiver), (54 bytes).
    Removing stm32f1xx_hal_uart.o(i.HAL_HalfDuplex_EnableTransmitter), (54 bytes).
    Removing stm32f1xx_hal_uart.o(i.HAL_HalfDuplex_Init), (110 bytes).
    Removing stm32f1xx_hal_uart.o(i.HAL_LIN_Init), (130 bytes).
    Removing stm32f1xx_hal_uart.o(i.HAL_LIN_SendBreak), (50 bytes).
    Removing stm32f1xx_hal_uart.o(i.HAL_MultiProcessor_EnterMuteMode), (50 bytes).
    Removing stm32f1xx_hal_uart.o(i.HAL_MultiProcessor_ExitMuteMode), (50 bytes).
    Removing stm32f1xx_hal_uart.o(i.HAL_MultiProcessor_Init), (146 bytes).
    Removing stm32f1xx_hal_uart.o(i.HAL_UARTEx_ReceiveToIdle), (282 bytes).
    Removing stm32f1xx_hal_uart.o(i.HAL_UARTEx_ReceiveToIdle_DMA), (86 bytes).
    Removing stm32f1xx_hal_uart.o(i.HAL_UARTEx_ReceiveToIdle_IT), (86 bytes).
    Removing stm32f1xx_hal_uart.o(i.HAL_UART_Abort), (166 bytes).
    Removing stm32f1xx_hal_uart.o(i.HAL_UART_AbortCpltCallback), (2 bytes).
    Removing stm32f1xx_hal_uart.o(i.HAL_UART_AbortReceive), (108 bytes).
    Removing stm32f1xx_hal_uart.o(i.HAL_UART_AbortReceiveCpltCallback), (2 bytes).
    Removing stm32f1xx_hal_uart.o(i.HAL_UART_AbortReceive_IT), (128 bytes).
    Removing stm32f1xx_hal_uart.o(i.HAL_UART_AbortTransmit), (80 bytes).
    Removing stm32f1xx_hal_uart.o(i.HAL_UART_AbortTransmitCpltCallback), (2 bytes).
    Removing stm32f1xx_hal_uart.o(i.HAL_UART_AbortTransmit_IT), (100 bytes).
    Removing stm32f1xx_hal_uart.o(i.HAL_UART_Abort_IT), (204 bytes).
    Removing stm32f1xx_hal_uart.o(i.HAL_UART_DMAPause), (102 bytes).
    Removing stm32f1xx_hal_uart.o(i.HAL_UART_DMAResume), (98 bytes).
    Removing stm32f1xx_hal_uart.o(i.HAL_UART_DMAStop), (88 bytes).
    Removing stm32f1xx_hal_uart.o(i.HAL_UART_DeInit), (54 bytes).
    Removing stm32f1xx_hal_uart.o(i.HAL_UART_GetError), (4 bytes).
    Removing stm32f1xx_hal_uart.o(i.HAL_UART_GetState), (12 bytes).
    Removing stm32f1xx_hal_uart.o(i.HAL_UART_MspDeInit), (2 bytes).
    Removing stm32f1xx_hal_uart.o(i.HAL_UART_MspInit), (2 bytes).
    Removing stm32f1xx_hal_uart.o(i.HAL_UART_Receive_DMA), (46 bytes).
    Removing stm32f1xx_hal_uart.o(i.HAL_UART_Receive_IT), (46 bytes).
    Removing stm32f1xx_hal_uart.o(i.HAL_UART_RxHalfCpltCallback), (2 bytes).
    Removing stm32f1xx_hal_uart.o(i.HAL_UART_Transmit_DMA), (152 bytes).
    Removing stm32f1xx_hal_uart.o(i.HAL_UART_Transmit_IT), (66 bytes).
    Removing stm32f1xx_hal_uart.o(i.HAL_UART_TxHalfCpltCallback), (2 bytes).
    Removing stm32f1xx_hal_uart.o(i.UART_DMAError), (74 bytes).
    Removing stm32f1xx_hal_uart.o(i.UART_DMAReceiveCplt), (92 bytes).
    Removing stm32f1xx_hal_uart.o(i.UART_DMARxAbortCallback), (46 bytes).
    Removing stm32f1xx_hal_uart.o(i.UART_DMARxHalfCplt), (26 bytes).
    Removing stm32f1xx_hal_uart.o(i.UART_DMARxOnlyAbortCallback), (22 bytes).
    Removing stm32f1xx_hal_uart.o(i.UART_DMATransmitCplt), (48 bytes).
    Removing stm32f1xx_hal_uart.o(i.UART_DMATxAbortCallback), (46 bytes).
    Removing stm32f1xx_hal_uart.o(i.UART_DMATxHalfCplt), (10 bytes).
    Removing stm32f1xx_hal_uart.o(i.UART_DMATxOnlyAbortCallback), (20 bytes).
    Removing stm32f1xx_hal_uart.o(i.UART_EndTxTransfer), (18 bytes).
    Removing stm32f1xx_hal_uart.o(i.UART_Start_Receive_DMA), (116 bytes).
    Removing stm32f1xx_hal_uart.o(i.UART_Start_Receive_IT), (54 bytes).

401 unused section(s) (total 29356 bytes) removed from the image.

==============================================================================

Image Symbol Table

    Local Symbols

    Symbol Name                              Value     Ov Type        Size  Object(Section)

    ../Drivers/STM32F1xx_HAL_Driver/Src/stm32f1xx_hal.c 0x00000000   Number         0  stm32f1xx_hal.o ABSOLUTE
    ../Drivers/STM32F1xx_HAL_Driver/Src/stm32f1xx_hal_adc.c 0x00000000   Number         0  stm32f1xx_hal_adc.o ABSOLUTE
    ../Drivers/STM32F1xx_HAL_Driver/Src/stm32f1xx_hal_adc_ex.c 0x00000000   Number         0  stm32f1xx_hal_adc_ex.o ABSOLUTE
    ../Drivers/STM32F1xx_HAL_Driver/Src/stm32f1xx_hal_cortex.c 0x00000000   Number         0  stm32f1xx_hal_cortex.o ABSOLUTE
    ../Drivers/STM32F1xx_HAL_Driver/Src/stm32f1xx_hal_dma.c 0x00000000   Number         0  stm32f1xx_hal_dma.o ABSOLUTE
    ../Drivers/STM32F1xx_HAL_Driver/Src/stm32f1xx_hal_exti.c 0x00000000   Number         0  stm32f1xx_hal_exti.o ABSOLUTE
    ../Drivers/STM32F1xx_HAL_Driver/Src/stm32f1xx_hal_flash.c 0x00000000   Number         0  stm32f1xx_hal_flash.o ABSOLUTE
    ../Drivers/STM32F1xx_HAL_Driver/Src/stm32f1xx_hal_flash_ex.c 0x00000000   Number         0  stm32f1xx_hal_flash_ex.o ABSOLUTE
    ../Drivers/STM32F1xx_HAL_Driver/Src/stm32f1xx_hal_gpio.c 0x00000000   Number         0  stm32f1xx_hal_gpio.o ABSOLUTE
    ../Drivers/STM32F1xx_HAL_Driver/Src/stm32f1xx_hal_gpio_ex.c 0x00000000   Number         0  stm32f1xx_hal_gpio_ex.o ABSOLUTE
    ../Drivers/STM32F1xx_HAL_Driver/Src/stm32f1xx_hal_pwr.c 0x00000000   Number         0  stm32f1xx_hal_pwr.o ABSOLUTE
    ../Drivers/STM32F1xx_HAL_Driver/Src/stm32f1xx_hal_rcc.c 0x00000000   Number         0  stm32f1xx_hal_rcc.o ABSOLUTE
    ../Drivers/STM32F1xx_HAL_Driver/Src/stm32f1xx_hal_rcc_ex.c 0x00000000   Number         0  stm32f1xx_hal_rcc_ex.o ABSOLUTE
    ../Drivers/STM32F1xx_HAL_Driver/Src/stm32f1xx_hal_tim.c 0x00000000   Number         0  stm32f1xx_hal_tim.o ABSOLUTE
    ../Drivers/STM32F1xx_HAL_Driver/Src/stm32f1xx_hal_tim_ex.c 0x00000000   Number         0  stm32f1xx_hal_tim_ex.o ABSOLUTE
    ../Drivers/STM32F1xx_HAL_Driver/Src/stm32f1xx_hal_uart.c 0x00000000   Number         0  stm32f1xx_hal_uart.o ABSOLUTE
    ../Src/adc.c                             0x00000000   Number         0  adc.o ABSOLUTE
    ../Src/dma.c                             0x00000000   Number         0  dma.o ABSOLUTE
    ../Src/gpio.c                            0x00000000   Number         0  gpio.o ABSOLUTE
    ../Src/main.c                            0x00000000   Number         0  main.o ABSOLUTE
    ../Src/stm32f1xx_hal_msp.c               0x00000000   Number         0  stm32f1xx_hal_msp.o ABSOLUTE
    ../Src/stm32f1xx_it.c                    0x00000000   Number         0  stm32f1xx_it.o ABSOLUTE
    ../Src/system_stm32f1xx.c                0x00000000   Number         0  system_stm32f1xx.o ABSOLUTE
    ../Src/tim.c                             0x00000000   Number         0  tim.o ABSOLUTE
    ../Src/usart.c                           0x00000000   Number         0  usart.o ABSOLUTE
    ../clib/microlib/division.c              0x00000000   Number         0  uldiv.o ABSOLUTE
    ../clib/microlib/division.c              0x00000000   Number         0  uidiv.o ABSOLUTE
    ../clib/microlib/init/entry.s            0x00000000   Number         0  entry10a.o ABSOLUTE
    ../clib/microlib/init/entry.s            0x00000000   Number         0  entry8b.o ABSOLUTE
    ../clib/microlib/init/entry.s            0x00000000   Number         0  entry8a.o ABSOLUTE
    ../clib/microlib/init/entry.s            0x00000000   Number         0  entry7b.o ABSOLUTE
    ../clib/microlib/init/entry.s            0x00000000   Number         0  entry9a.o ABSOLUTE
    ../clib/microlib/init/entry.s            0x00000000   Number         0  entry7a.o ABSOLUTE
    ../clib/microlib/init/entry.s            0x00000000   Number         0  entry5.o ABSOLUTE
    ../clib/microlib/init/entry.s            0x00000000   Number         0  entry9b.o ABSOLUTE
    ../clib/microlib/init/entry.s            0x00000000   Number         0  entry11a.o ABSOLUTE
    ../clib/microlib/init/entry.s            0x00000000   Number         0  entry10b.o ABSOLUTE
    ../clib/microlib/init/entry.s            0x00000000   Number         0  entry.o ABSOLUTE
    ../clib/microlib/init/entry.s            0x00000000   Number         0  entry2.o ABSOLUTE
    ../clib/microlib/init/entry.s            0x00000000   Number         0  entry11b.o ABSOLUTE
    ../clib/microlib/init/entry.s            0x00000000   Number         0  entry12b.o ABSOLUTE
    ../clib/microlib/init/entry.s            0x00000000   Number         0  entry12a.o ABSOLUTE
    ../clib/microlib/longlong.c              0x00000000   Number         0  llshl.o ABSOLUTE
    ../clib/microlib/longlong.c              0x00000000   Number         0  llushr.o ABSOLUTE
    ../clib/microlib/longlong.c              0x00000000   Number         0  llsshr.o ABSOLUTE
    ../clib/microlib/printf/printf.c         0x00000000   Number         0  printf7.o ABSOLUTE
    ../clib/microlib/printf/printf.c         0x00000000   Number         0  printf2.o ABSOLUTE
    ../clib/microlib/printf/printf.c         0x00000000   Number         0  printfb.o ABSOLUTE
    ../clib/microlib/printf/printf.c         0x00000000   Number         0  printf6.o ABSOLUTE
    ../clib/microlib/printf/printf.c         0x00000000   Number         0  printf5.o ABSOLUTE
    ../clib/microlib/printf/printf.c         0x00000000   Number         0  printfa.o ABSOLUTE
    ../clib/microlib/printf/printf.c         0x00000000   Number         0  printf3.o ABSOLUTE
    ../clib/microlib/printf/printf.c         0x00000000   Number         0  printf8.o ABSOLUTE
    ../clib/microlib/printf/printf.c         0x00000000   Number         0  printf4.o ABSOLUTE
    ../clib/microlib/printf/printf.c         0x00000000   Number         0  printf1.o ABSOLUTE
    ../clib/microlib/printf/printf.c         0x00000000   Number         0  printf0.o ABSOLUTE
    ../clib/microlib/printf/stubs.s          0x00000000   Number         0  stubs.o ABSOLUTE
    ../clib/microlib/stdio/gets.c            0x00000000   Number         0  gets.o ABSOLUTE
    ../clib/microlib/stdio/streams.c         0x00000000   Number         0  stdout.o ABSOLUTE
    ../clib/microlib/stdio/streams.c         0x00000000   Number         0  stdin.o ABSOLUTE
    ../clib/microlib/string/memset.c         0x00000000   Number         0  memseta.o ABSOLUTE
    ../clib/microlib/string/strncmp.c        0x00000000   Number         0  strncmp.o ABSOLUTE
    ../clib/microlib/stubs.s                 0x00000000   Number         0  iusefp.o ABSOLUTE
    ../fplib/microlib/d2f.c                  0x00000000   Number         0  d2f.o ABSOLUTE
    ../fplib/microlib/f2d.c                  0x00000000   Number         0  f2d.o ABSOLUTE
    ../fplib/microlib/fpadd.c                0x00000000   Number         0  dadd.o ABSOLUTE
    ../fplib/microlib/fpadd.c                0x00000000   Number         0  fadd.o ABSOLUTE
    ../fplib/microlib/fpdiv.c                0x00000000   Number         0  fdiv.o ABSOLUTE
    ../fplib/microlib/fpdiv.c                0x00000000   Number         0  ddiv.o ABSOLUTE
    ../fplib/microlib/fpepilogue.c           0x00000000   Number         0  fepilogue.o ABSOLUTE
    ../fplib/microlib/fpepilogue.c           0x00000000   Number         0  depilogue.o ABSOLUTE
    ../fplib/microlib/fpfix.c                0x00000000   Number         0  dfixul.o ABSOLUTE
    ../fplib/microlib/fpflt.c                0x00000000   Number         0  dfltui.o ABSOLUTE
    ../fplib/microlib/fpflt.c                0x00000000   Number         0  ffltui.o ABSOLUTE
    ../fplib/microlib/fpmul.c                0x00000000   Number         0  fmul.o ABSOLUTE
    ../fplib/microlib/fpmul.c                0x00000000   Number         0  dmul.o ABSOLUTE
    ../fplib/microlib/fpscalb.c              0x00000000   Number         0  fscalb.o ABSOLUTE
    ../fplib/microlib/fpscalb.c              0x00000000   Number         0  dscalb.o ABSOLUTE
    ..\Drivers\STM32F1xx_HAL_Driver\Src\stm32f1xx_hal.c 0x00000000   Number         0  stm32f1xx_hal.o ABSOLUTE
    ..\Drivers\STM32F1xx_HAL_Driver\Src\stm32f1xx_hal_adc.c 0x00000000   Number         0  stm32f1xx_hal_adc.o ABSOLUTE
    ..\Drivers\STM32F1xx_HAL_Driver\Src\stm32f1xx_hal_adc_ex.c 0x00000000   Number         0  stm32f1xx_hal_adc_ex.o ABSOLUTE
    ..\Drivers\STM32F1xx_HAL_Driver\Src\stm32f1xx_hal_cortex.c 0x00000000   Number         0  stm32f1xx_hal_cortex.o ABSOLUTE
    ..\Drivers\STM32F1xx_HAL_Driver\Src\stm32f1xx_hal_dma.c 0x00000000   Number         0  stm32f1xx_hal_dma.o ABSOLUTE
    ..\Drivers\STM32F1xx_HAL_Driver\Src\stm32f1xx_hal_exti.c 0x00000000   Number         0  stm32f1xx_hal_exti.o ABSOLUTE
    ..\Drivers\STM32F1xx_HAL_Driver\Src\stm32f1xx_hal_flash.c 0x00000000   Number         0  stm32f1xx_hal_flash.o ABSOLUTE
    ..\Drivers\STM32F1xx_HAL_Driver\Src\stm32f1xx_hal_flash_ex.c 0x00000000   Number         0  stm32f1xx_hal_flash_ex.o ABSOLUTE
    ..\Drivers\STM32F1xx_HAL_Driver\Src\stm32f1xx_hal_gpio.c 0x00000000   Number         0  stm32f1xx_hal_gpio.o ABSOLUTE
    ..\Drivers\STM32F1xx_HAL_Driver\Src\stm32f1xx_hal_gpio_ex.c 0x00000000   Number         0  stm32f1xx_hal_gpio_ex.o ABSOLUTE
    ..\Drivers\STM32F1xx_HAL_Driver\Src\stm32f1xx_hal_pwr.c 0x00000000   Number         0  stm32f1xx_hal_pwr.o ABSOLUTE
    ..\Drivers\STM32F1xx_HAL_Driver\Src\stm32f1xx_hal_rcc.c 0x00000000   Number         0  stm32f1xx_hal_rcc.o ABSOLUTE
    ..\Drivers\STM32F1xx_HAL_Driver\Src\stm32f1xx_hal_rcc_ex.c 0x00000000   Number         0  stm32f1xx_hal_rcc_ex.o ABSOLUTE
    ..\Drivers\STM32F1xx_HAL_Driver\Src\stm32f1xx_hal_tim.c 0x00000000   Number         0  stm32f1xx_hal_tim.o ABSOLUTE
    ..\Drivers\STM32F1xx_HAL_Driver\Src\stm32f1xx_hal_tim_ex.c 0x00000000   Number         0  stm32f1xx_hal_tim_ex.o ABSOLUTE
    ..\Drivers\STM32F1xx_HAL_Driver\Src\stm32f1xx_hal_uart.c 0x00000000   Number         0  stm32f1xx_hal_uart.o ABSOLUTE
    ..\Src\adc.c                             0x00000000   Number         0  adc.o ABSOLUTE
    ..\Src\dma.c                             0x00000000   Number         0  dma.o ABSOLUTE
    ..\Src\gpio.c                            0x00000000   Number         0  gpio.o ABSOLUTE
    ..\Src\main.c                            0x00000000   Number         0  main.o ABSOLUTE
    ..\Src\stm32f1xx_hal_msp.c               0x00000000   Number         0  stm32f1xx_hal_msp.o ABSOLUTE
    ..\Src\stm32f1xx_it.c                    0x00000000   Number         0  stm32f1xx_it.o ABSOLUTE
    ..\Src\system_stm32f1xx.c                0x00000000   Number         0  system_stm32f1xx.o ABSOLUTE
    ..\Src\tim.c                             0x00000000   Number         0  tim.o ABSOLUTE
    ..\Src\usart.c                           0x00000000   Number         0  usart.o ABSOLUTE
    cdrcmple.s                               0x00000000   Number         0  cdrcmple.o ABSOLUTE
    dc.s                                     0x00000000   Number         0  dc.o ABSOLUTE
    handlers.s                               0x00000000   Number         0  handlers.o ABSOLUTE
    init.s                                   0x00000000   Number         0  init.o ABSOLUTE
    startup_stm32f103x6.s                    0x00000000   Number         0  startup_stm32f103x6.o ABSOLUTE
    RESET                                    0x08000000   Section      236  startup_stm32f103x6.o(RESET)
    .ARM.Collect$$$$00000000                 0x080000ec   Section        0  entry.o(.ARM.Collect$$$$00000000)
    .ARM.Collect$$$$00000001                 0x080000ec   Section        4  entry2.o(.ARM.Collect$$$$00000001)
    .ARM.Collect$$$$00000004                 0x080000f0   Section        4  entry5.o(.ARM.Collect$$$$00000004)
    .ARM.Collect$$$$00000008                 0x080000f4   Section        0  entry7b.o(.ARM.Collect$$$$00000008)
    .ARM.Collect$$$$0000000A                 0x080000f4   Section        0  entry8b.o(.ARM.Collect$$$$0000000A)
    .ARM.Collect$$$$0000000B                 0x080000f4   Section        8  entry9a.o(.ARM.Collect$$$$0000000B)
    .ARM.Collect$$$$0000000E                 0x080000fc   Section        4  entry12b.o(.ARM.Collect$$$$0000000E)
    .ARM.Collect$$$$0000000F                 0x08000100   Section        0  entry10a.o(.ARM.Collect$$$$0000000F)
    .ARM.Collect$$$$00000011                 0x08000100   Section        0  entry11a.o(.ARM.Collect$$$$00000011)
    .ARM.Collect$$$$00002712                 0x08000100   Section        4  entry2.o(.ARM.Collect$$$$00002712)
    __lit__00000000                          0x08000100   Data           4  entry2.o(.ARM.Collect$$$$00002712)
    .text                                    0x08000104   Section       36  startup_stm32f103x6.o(.text)
    .text                                    0x08000128   Section        0  uldiv.o(.text)
    .text                                    0x0800018a   Section        0  llushr.o(.text)
    .text                                    0x080001aa   Section        0  memseta.o(.text)
    .text                                    0x080001ce   Section        0  strncmp.o(.text)
    .text                                    0x080001ec   Section        0  fadd.o(.text)
    .text                                    0x0800029c   Section        0  fmul.o(.text)
    .text                                    0x08000300   Section        0  fdiv.o(.text)
    .text                                    0x0800037c   Section        0  fscalb.o(.text)
    .text                                    0x08000394   Section        0  dadd.o(.text)
    .text                                    0x080004e2   Section        0  dscalb.o(.text)
    .text                                    0x08000510   Section        0  ffltui.o(.text)
    .text                                    0x0800051a   Section        0  dfltui.o(.text)
    .text                                    0x08000534   Section        0  f2d.o(.text)
    .text                                    0x0800055a   Section        0  d2f.o(.text)
    .text                                    0x08000592   Section        0  uidiv.o(.text)
    .text                                    0x080005be   Section        0  llshl.o(.text)
    .text                                    0x080005dc   Section        0  llsshr.o(.text)
    .text                                    0x08000600   Section        0  iusefp.o(.text)
    .text                                    0x08000600   Section        0  fepilogue.o(.text)
    .text                                    0x0800066e   Section        0  depilogue.o(.text)
    .text                                    0x08000728   Section        0  dmul.o(.text)
    .text                                    0x0800080c   Section        0  ddiv.o(.text)
    .text                                    0x080008ea   Section        0  dfixul.o(.text)
    .text                                    0x0800091c   Section       48  cdrcmple.o(.text)
    .text                                    0x0800094c   Section       36  init.o(.text)
    i.ADC_ConversionStop_Disable             0x08000970   Section        0  stm32f1xx_hal_adc.o(i.ADC_ConversionStop_Disable)
    i.ADC_DMAConvCplt                        0x080009cc   Section        0  stm32f1xx_hal_adc.o(i.ADC_DMAConvCplt)
    i.ADC_DMAError                           0x08000a1e   Section        0  stm32f1xx_hal_adc.o(i.ADC_DMAError)
    i.ADC_DMAHalfConvCplt                    0x08000a38   Section        0  stm32f1xx_hal_adc.o(i.ADC_DMAHalfConvCplt)
    i.ADC_Enable                             0x08000a44   Section        0  stm32f1xx_hal_adc.o(i.ADC_Enable)
    i.BusFault_Handler                       0x08000acc   Section        0  stm32f1xx_it.o(i.BusFault_Handler)
    i.DMA1_Channel1_IRQHandler               0x08000ad0   Section        0  stm32f1xx_it.o(i.DMA1_Channel1_IRQHandler)
    i.DMA_SetConfig                          0x08000adc   Section        0  stm32f1xx_hal_dma.o(i.DMA_SetConfig)
    DMA_SetConfig                            0x08000add   Thumb Code    56  stm32f1xx_hal_dma.o(i.DMA_SetConfig)
    i.DebugMon_Handler                       0x08000b14   Section        0  stm32f1xx_it.o(i.DebugMon_Handler)
    i.EXTI15_10_IRQHandler                   0x08000b16   Section        0  stm32f1xx_it.o(i.EXTI15_10_IRQHandler)
    i.Error_Handler                          0x08000b2c   Section        0  main.o(i.Error_Handler)
    i.HAL_ADC_ConfigChannel                  0x08000b30   Section        0  stm32f1xx_hal_adc.o(i.HAL_ADC_ConfigChannel)
    i.HAL_ADC_ConvCpltCallback               0x08000c58   Section        0  stm32f1xx_hal_adc.o(i.HAL_ADC_ConvCpltCallback)
    i.HAL_ADC_ConvHalfCpltCallback           0x08000c5a   Section        0  stm32f1xx_hal_adc.o(i.HAL_ADC_ConvHalfCpltCallback)
    i.HAL_ADC_ErrorCallback                  0x08000c5c   Section        0  stm32f1xx_hal_adc.o(i.HAL_ADC_ErrorCallback)
    i.HAL_ADC_Init                           0x08000c60   Section        0  stm32f1xx_hal_adc.o(i.HAL_ADC_Init)
    i.HAL_ADC_MspInit                        0x08000d80   Section        0  adc.o(i.HAL_ADC_MspInit)
    i.HAL_ADC_Start_DMA                      0x08000e10   Section        0  stm32f1xx_hal_adc.o(i.HAL_ADC_Start_DMA)
    i.HAL_ADC_Stop_DMA                       0x08000f40   Section        0  stm32f1xx_hal_adc.o(i.HAL_ADC_Stop_DMA)
    i.HAL_DMA_Abort                          0x08000f9e   Section        0  stm32f1xx_hal_dma.o(i.HAL_DMA_Abort)
    i.HAL_DMA_Abort_IT                       0x08000fe8   Section        0  stm32f1xx_hal_dma.o(i.HAL_DMA_Abort_IT)
    i.HAL_DMA_IRQHandler                     0x0800108c   Section        0  stm32f1xx_hal_dma.o(i.HAL_DMA_IRQHandler)
    i.HAL_DMA_Init                           0x080011fc   Section        0  stm32f1xx_hal_dma.o(i.HAL_DMA_Init)
    i.HAL_DMA_Start_IT                       0x08001280   Section        0  stm32f1xx_hal_dma.o(i.HAL_DMA_Start_IT)
    i.HAL_Delay                              0x080012fc   Section        0  stm32f1xx_hal.o(i.HAL_Delay)
    i.HAL_GPIO_EXTI_Callback                 0x08001324   Section        0  main.o(i.HAL_GPIO_EXTI_Callback)
    i.HAL_GPIO_EXTI_IRQHandler               0x08001370   Section        0  stm32f1xx_hal_gpio.o(i.HAL_GPIO_EXTI_IRQHandler)
    i.HAL_GPIO_Init                          0x08001388   Section        0  stm32f1xx_hal_gpio.o(i.HAL_GPIO_Init)
    i.HAL_GetTick                            0x08001578   Section        0  stm32f1xx_hal.o(i.HAL_GetTick)
    i.HAL_IncTick                            0x08001584   Section        0  stm32f1xx_hal.o(i.HAL_IncTick)
    i.HAL_Init                               0x08001594   Section        0  stm32f1xx_hal.o(i.HAL_Init)
    i.HAL_InitTick                           0x080015b8   Section        0  stm32f1xx_hal.o(i.HAL_InitTick)
    i.HAL_MspInit                            0x080015fc   Section        0  stm32f1xx_hal_msp.o(i.HAL_MspInit)
    i.HAL_NVIC_EnableIRQ                     0x08001638   Section        0  stm32f1xx_hal_cortex.o(i.HAL_NVIC_EnableIRQ)
    i.HAL_NVIC_SetPriority                   0x08001654   Section        0  stm32f1xx_hal_cortex.o(i.HAL_NVIC_SetPriority)
    i.HAL_NVIC_SetPriorityGrouping           0x080016bc   Section        0  stm32f1xx_hal_cortex.o(i.HAL_NVIC_SetPriorityGrouping)
    i.HAL_RCCEx_PeriphCLKConfig              0x080016e0   Section        0  stm32f1xx_hal_rcc_ex.o(i.HAL_RCCEx_PeriphCLKConfig)
    i.HAL_RCC_ClockConfig                    0x08001810   Section        0  stm32f1xx_hal_rcc.o(i.HAL_RCC_ClockConfig)
    i.HAL_RCC_GetHCLKFreq                    0x08001990   Section        0  stm32f1xx_hal_rcc.o(i.HAL_RCC_GetHCLKFreq)
    i.HAL_RCC_GetPCLK1Freq                   0x0800199c   Section        0  stm32f1xx_hal_rcc.o(i.HAL_RCC_GetPCLK1Freq)
    i.HAL_RCC_GetPCLK2Freq                   0x080019bc   Section        0  stm32f1xx_hal_rcc.o(i.HAL_RCC_GetPCLK2Freq)
    i.HAL_RCC_GetSysClockFreq                0x080019dc   Section        0  stm32f1xx_hal_rcc.o(i.HAL_RCC_GetSysClockFreq)
    i.HAL_RCC_OscConfig                      0x08001a54   Section        0  stm32f1xx_hal_rcc.o(i.HAL_RCC_OscConfig)
    i.HAL_SYSTICK_Config                     0x08001e80   Section        0  stm32f1xx_hal_cortex.o(i.HAL_SYSTICK_Config)
    i.HAL_TIMEx_BreakCallback                0x08001ea8   Section        0  stm32f1xx_hal_tim_ex.o(i.HAL_TIMEx_BreakCallback)
    i.HAL_TIMEx_CommutCallback               0x08001eaa   Section        0  stm32f1xx_hal_tim_ex.o(i.HAL_TIMEx_CommutCallback)
    i.HAL_TIMEx_MasterConfigSynchronization  0x08001eac   Section        0  stm32f1xx_hal_tim_ex.o(i.HAL_TIMEx_MasterConfigSynchronization)
    i.HAL_TIM_Base_Init                      0x08001f14   Section        0  stm32f1xx_hal_tim.o(i.HAL_TIM_Base_Init)
    i.HAL_TIM_Base_MspInit                   0x08001f70   Section        0  tim.o(i.HAL_TIM_Base_MspInit)
    i.HAL_TIM_Base_Start                     0x08001fe8   Section        0  stm32f1xx_hal_tim.o(i.HAL_TIM_Base_Start)
    i.HAL_TIM_Base_Start_IT                  0x08002036   Section        0  stm32f1xx_hal_tim.o(i.HAL_TIM_Base_Start_IT)
    i.HAL_TIM_Base_Stop                      0x0800208e   Section        0  stm32f1xx_hal_tim.o(i.HAL_TIM_Base_Stop)
    i.HAL_TIM_Base_Stop_IT                   0x080020b4   Section        0  stm32f1xx_hal_tim.o(i.HAL_TIM_Base_Stop_IT)
    i.HAL_TIM_ConfigClockSource              0x080020e4   Section        0  stm32f1xx_hal_tim.o(i.HAL_TIM_ConfigClockSource)
    i.HAL_TIM_IC_CaptureCallback             0x080021c8   Section        0  stm32f1xx_hal_tim.o(i.HAL_TIM_IC_CaptureCallback)
    i.HAL_TIM_IRQHandler                     0x080021ca   Section        0  stm32f1xx_hal_tim.o(i.HAL_TIM_IRQHandler)
    i.HAL_TIM_MspPostInit                    0x08002340   Section        0  tim.o(i.HAL_TIM_MspPostInit)
    i.HAL_TIM_OC_DelayElapsedCallback        0x0800238c   Section        0  stm32f1xx_hal_tim.o(i.HAL_TIM_OC_DelayElapsedCallback)
    i.HAL_TIM_PWM_ConfigChannel              0x0800238e   Section        0  stm32f1xx_hal_tim.o(i.HAL_TIM_PWM_ConfigChannel)
    i.HAL_TIM_PWM_Init                       0x08002460   Section        0  stm32f1xx_hal_tim.o(i.HAL_TIM_PWM_Init)
    i.HAL_TIM_PWM_MspInit                    0x080024bc   Section        0  stm32f1xx_hal_tim.o(i.HAL_TIM_PWM_MspInit)
    i.HAL_TIM_PWM_PulseFinishedCallback      0x080024be   Section        0  stm32f1xx_hal_tim.o(i.HAL_TIM_PWM_PulseFinishedCallback)
    i.HAL_TIM_PWM_Start                      0x080024c0   Section        0  stm32f1xx_hal_tim.o(i.HAL_TIM_PWM_Start)
    i.HAL_TIM_PWM_Stop                       0x08002564   Section        0  stm32f1xx_hal_tim.o(i.HAL_TIM_PWM_Stop)
    i.HAL_TIM_PeriodElapsedCallback          0x080025d8   Section        0  main.o(i.HAL_TIM_PeriodElapsedCallback)
    i.HAL_TIM_TriggerCallback                0x0800260c   Section        0  stm32f1xx_hal_tim.o(i.HAL_TIM_TriggerCallback)
    i.HAL_UARTEx_RxEventCallback             0x0800260e   Section        0  stm32f1xx_hal_uart.o(i.HAL_UARTEx_RxEventCallback)
    i.HAL_UART_ErrorCallback                 0x08002610   Section        0  stm32f1xx_hal_uart.o(i.HAL_UART_ErrorCallback)
    i.HAL_UART_IRQHandler                    0x08002614   Section        0  stm32f1xx_hal_uart.o(i.HAL_UART_IRQHandler)
    i.HAL_UART_Init                          0x08002814   Section        0  stm32f1xx_hal_uart.o(i.HAL_UART_Init)
    i.HAL_UART_MspInit                       0x08002878   Section        0  usart.o(i.HAL_UART_MspInit)
    i.HAL_UART_Receive                       0x08002908   Section        0  stm32f1xx_hal_uart.o(i.HAL_UART_Receive)
    i.HAL_UART_RxCpltCallback                0x080029dc   Section        0  stm32f1xx_hal_uart.o(i.HAL_UART_RxCpltCallback)
    i.HAL_UART_Transmit                      0x080029de   Section        0  stm32f1xx_hal_uart.o(i.HAL_UART_Transmit)
    i.HAL_UART_TxCpltCallback                0x08002aa8   Section        0  stm32f1xx_hal_uart.o(i.HAL_UART_TxCpltCallback)
    i.HardFault_Handler                      0x08002aaa   Section        0  stm32f1xx_it.o(i.HardFault_Handler)
    i.Lumos                                  0x08002aac   Section        0  main.o(i.Lumos)
    i.MX_ADC1_Init                           0x08002ae4   Section        0  adc.o(i.MX_ADC1_Init)
    i.MX_DMA_Init                            0x08002b48   Section        0  dma.o(i.MX_DMA_Init)
    i.MX_GPIO_Init                           0x08002b74   Section        0  gpio.o(i.MX_GPIO_Init)
    i.MX_TIM1_Init                           0x08002bf4   Section        0  tim.o(i.MX_TIM1_Init)
    i.MX_TIM2_Init                           0x08002c5c   Section        0  tim.o(i.MX_TIM2_Init)
    i.MX_TIM3_Init                           0x08002cc4   Section        0  tim.o(i.MX_TIM3_Init)
    i.MX_USART1_UART_Init                    0x08002d60   Section        0  usart.o(i.MX_USART1_UART_Init)
    i.MemManage_Handler                      0x08002d98   Section        0  stm32f1xx_it.o(i.MemManage_Handler)
    i.NMI_Handler                            0x08002d9a   Section        0  stm32f1xx_it.o(i.NMI_Handler)
    i.PendSV_Handler                         0x08002d9c   Section        0  stm32f1xx_it.o(i.PendSV_Handler)
    i.RCC_Delay                              0x08002da0   Section        0  stm32f1xx_hal_rcc.o(i.RCC_Delay)
    RCC_Delay                                0x08002da1   Thumb Code    32  stm32f1xx_hal_rcc.o(i.RCC_Delay)
    i.SVC_Handler                            0x08002dc4   Section        0  stm32f1xx_it.o(i.SVC_Handler)
    i.SysTick_Handler                        0x08002dc6   Section        0  stm32f1xx_it.o(i.SysTick_Handler)
    i.SystemClock_Config                     0x08002dca   Section        0  main.o(i.SystemClock_Config)
    i.SystemInit                             0x08002e2a   Section        0  system_stm32f1xx.o(i.SystemInit)
    i.TIM1_UP_IRQHandler                     0x08002e2c   Section        0  stm32f1xx_it.o(i.TIM1_UP_IRQHandler)
    i.TIM2_IRQHandler                        0x08002e38   Section        0  stm32f1xx_it.o(i.TIM2_IRQHandler)
    i.TIM_Base_SetConfig                     0x08002e44   Section        0  stm32f1xx_hal_tim.o(i.TIM_Base_SetConfig)
    i.TIM_CCxChannelCmd                      0x08002eac   Section        0  stm32f1xx_hal_tim.o(i.TIM_CCxChannelCmd)
    i.TIM_ETR_SetConfig                      0x08002eca   Section        0  stm32f1xx_hal_tim.o(i.TIM_ETR_SetConfig)
    i.TIM_ITRx_SetConfig                     0x08002ee0   Section        0  stm32f1xx_hal_tim.o(i.TIM_ITRx_SetConfig)
    TIM_ITRx_SetConfig                       0x08002ee1   Thumb Code    16  stm32f1xx_hal_tim.o(i.TIM_ITRx_SetConfig)
    i.TIM_OC1_SetConfig                      0x08002ef0   Section        0  stm32f1xx_hal_tim.o(i.TIM_OC1_SetConfig)
    TIM_OC1_SetConfig                        0x08002ef1   Thumb Code    98  stm32f1xx_hal_tim.o(i.TIM_OC1_SetConfig)
    i.TIM_OC2_SetConfig                      0x08002f58   Section        0  stm32f1xx_hal_tim.o(i.TIM_OC2_SetConfig)
    i.TIM_OC3_SetConfig                      0x08002fc0   Section        0  stm32f1xx_hal_tim.o(i.TIM_OC3_SetConfig)
    TIM_OC3_SetConfig                        0x08002fc1   Thumb Code   100  stm32f1xx_hal_tim.o(i.TIM_OC3_SetConfig)
    i.TIM_OC4_SetConfig                      0x08003028   Section        0  stm32f1xx_hal_tim.o(i.TIM_OC4_SetConfig)
    TIM_OC4_SetConfig                        0x08003029   Thumb Code    78  stm32f1xx_hal_tim.o(i.TIM_OC4_SetConfig)
    i.TIM_TI1_ConfigInputStage               0x08003076   Section        0  stm32f1xx_hal_tim.o(i.TIM_TI1_ConfigInputStage)
    TIM_TI1_ConfigInputStage                 0x08003077   Thumb Code    38  stm32f1xx_hal_tim.o(i.TIM_TI1_ConfigInputStage)
    i.TIM_TI2_ConfigInputStage               0x0800309c   Section        0  stm32f1xx_hal_tim.o(i.TIM_TI2_ConfigInputStage)
    TIM_TI2_ConfigInputStage                 0x0800309d   Thumb Code    36  stm32f1xx_hal_tim.o(i.TIM_TI2_ConfigInputStage)
    i.UART_DMAAbortOnError                   0x080030c0   Section        0  stm32f1xx_hal_uart.o(i.UART_DMAAbortOnError)
    UART_DMAAbortOnError                     0x080030c1   Thumb Code    16  stm32f1xx_hal_uart.o(i.UART_DMAAbortOnError)
    i.UART_EndRxTransfer                     0x080030d0   Section        0  stm32f1xx_hal_uart.o(i.UART_EndRxTransfer)
    UART_EndRxTransfer                       0x080030d1   Thumb Code    48  stm32f1xx_hal_uart.o(i.UART_EndRxTransfer)
    i.UART_EndTransmit_IT                    0x08003100   Section        0  stm32f1xx_hal_uart.o(i.UART_EndTransmit_IT)
    UART_EndTransmit_IT                      0x08003101   Thumb Code    26  stm32f1xx_hal_uart.o(i.UART_EndTransmit_IT)
    i.UART_Receive_IT                        0x0800311a   Section        0  stm32f1xx_hal_uart.o(i.UART_Receive_IT)
    UART_Receive_IT                          0x0800311b   Thumb Code   190  stm32f1xx_hal_uart.o(i.UART_Receive_IT)
    i.UART_SetConfig                         0x080031d8   Section        0  stm32f1xx_hal_uart.o(i.UART_SetConfig)
    UART_SetConfig                           0x080031d9   Thumb Code   194  stm32f1xx_hal_uart.o(i.UART_SetConfig)
    i.UART_Transmit_IT                       0x080032a0   Section        0  stm32f1xx_hal_uart.o(i.UART_Transmit_IT)
    UART_Transmit_IT                         0x080032a1   Thumb Code    94  stm32f1xx_hal_uart.o(i.UART_Transmit_IT)
    i.UART_WaitOnFlagUntilTimeout            0x080032fe   Section        0  stm32f1xx_hal_uart.o(i.UART_WaitOnFlagUntilTimeout)
    UART_WaitOnFlagUntilTimeout              0x080032ff   Thumb Code   120  stm32f1xx_hal_uart.o(i.UART_WaitOnFlagUntilTimeout)
    i.USART1_IRQHandler                      0x08003378   Section        0  stm32f1xx_it.o(i.USART1_IRQHandler)
    i.UsageFault_Handler                     0x08003384   Section        0  stm32f1xx_it.o(i.UsageFault_Handler)
    i.__0printf                              0x08003388   Section        0  printfa.o(i.__0printf)
    i.__scatterload_copy                     0x080033a8   Section       14  handlers.o(i.__scatterload_copy)
    i.__scatterload_null                     0x080033b6   Section        2  handlers.o(i.__scatterload_null)
    i.__scatterload_zeroinit                 0x080033b8   Section       14  handlers.o(i.__scatterload_zeroinit)
    i._fp_digits                             0x080033c8   Section        0  printfa.o(i._fp_digits)
    _fp_digits                               0x080033c9   Thumb Code   366  printfa.o(i._fp_digits)
    i._printf_core                           0x0800354c   Section        0  printfa.o(i._printf_core)
    _printf_core                             0x0800354d   Thumb Code  1704  printfa.o(i._printf_core)
    i._printf_post_padding                   0x08003c00   Section        0  printfa.o(i._printf_post_padding)
    _printf_post_padding                     0x08003c01   Thumb Code    36  printfa.o(i._printf_post_padding)
    i._printf_pre_padding                    0x08003c24   Section        0  printfa.o(i._printf_pre_padding)
    _printf_pre_padding                      0x08003c25   Thumb Code    46  printfa.o(i._printf_pre_padding)
    i.fgetc                                  0x08003c54   Section        0  usart.o(i.fgetc)
    i.fputc                                  0x08003c78   Section        0  usart.o(i.fputc)
    i.gets                                   0x08003c90   Section        0  gets.o(i.gets)
    i.main                                   0x08003cc0   Section        0  main.o(i.main)
    i.motor_init                             0x08003e58   Section        0  main.o(i.motor_init)
    i.printUart                              0x08003eac   Section        0  main.o(i.printUart)
    i.sonic_init                             0x08003ee0   Section        0  main.o(i.sonic_init)
    .constdata                               0x08003fb4   Section       16  system_stm32f1xx.o(.constdata)
    .constdata                               0x08003fc4   Section        8  system_stm32f1xx.o(.constdata)
    .data                                    0x20000000   Section        6  main.o(.data)
    .data                                    0x20000008   Section        4  system_stm32f1xx.o(.data)
    .data                                    0x2000000c   Section       12  stm32f1xx_hal.o(.data)
    .data                                    0x20000018   Section        4  stdin.o(.data)
    .data                                    0x2000001c   Section        4  stdout.o(.data)
    .bss                                     0x20000020   Section      116  adc.o(.bss)
    .bss                                     0x20000094   Section      216  tim.o(.bss)
    .bss                                     0x2000016c   Section       68  usart.o(.bss)
    STACK                                    0x200001b0   Section     1024  startup_stm32f103x6.o(STACK)

    Global Symbols

    Symbol Name                              Value     Ov Type        Size  Object(Section)

    BuildAttributes$$THM_ISAv4$P$D$K$B$S$PE$A:L22UL41UL21$X:L11$S22US41US21$IEEE1$IW$USESV6$~STKCKD$USESV7$~SHL$OTIME$ROPI$EBA8$MICROLIB$REQ8$PRES8$EABIv2 0x00000000   Number         0  anon$$obj.o ABSOLUTE
    __ARM_use_no_argv                        0x00000000   Number         0  main.o ABSOLUTE
    _printf_a                                0x00000000   Number         0  stubs.o ABSOLUTE
    _printf_c                                0x00000000   Number         0  stubs.o ABSOLUTE
    _printf_charcount                        0x00000000   Number         0  stubs.o ABSOLUTE
    _printf_d                                0x00000000   Number         0  stubs.o ABSOLUTE
    _printf_e                                0x00000000   Number         0  stubs.o ABSOLUTE
    _printf_f                                0x00000000   Number         0  stubs.o ABSOLUTE
    _printf_flags                            0x00000000   Number         0  stubs.o ABSOLUTE
    _printf_fp_dec                           0x00000000   Number         0  stubs.o ABSOLUTE
    _printf_fp_hex                           0x00000000   Number         0  stubs.o ABSOLUTE
    _printf_g                                0x00000000   Number         0  stubs.o ABSOLUTE
    _printf_i                                0x00000000   Number         0  stubs.o ABSOLUTE
    _printf_int_dec                          0x00000000   Number         0  stubs.o ABSOLUTE
    _printf_l                                0x00000000   Number         0  stubs.o ABSOLUTE
    _printf_lc                               0x00000000   Number         0  stubs.o ABSOLUTE
    _printf_ll                               0x00000000   Number         0  stubs.o ABSOLUTE
    _printf_lld                              0x00000000   Number         0  stubs.o ABSOLUTE
    _printf_lli                              0x00000000   Number         0  stubs.o ABSOLUTE
    _printf_llo                              0x00000000   Number         0  stubs.o ABSOLUTE
    _printf_llu                              0x00000000   Number         0  stubs.o ABSOLUTE
    _printf_llx                              0x00000000   Number         0  stubs.o ABSOLUTE
    _printf_longlong_dec                     0x00000000   Number         0  stubs.o ABSOLUTE
    _printf_longlong_hex                     0x00000000   Number         0  stubs.o ABSOLUTE
    _printf_longlong_oct                     0x00000000   Number         0  stubs.o ABSOLUTE
    _printf_ls                               0x00000000   Number         0  stubs.o ABSOLUTE
    _printf_mbtowc                           0x00000000   Number         0  stubs.o ABSOLUTE
    _printf_n                                0x00000000   Number         0  stubs.o ABSOLUTE
    _printf_o                                0x00000000   Number         0  stubs.o ABSOLUTE
    _printf_p                                0x00000000   Number         0  stubs.o ABSOLUTE
    _printf_percent                          0x00000000   Number         0  stubs.o ABSOLUTE
    _printf_pre_padding                      0x00000000   Number         0  stubs.o ABSOLUTE
    _printf_return_value                     0x00000000   Number         0  stubs.o ABSOLUTE
    _printf_s                                0x00000000   Number         0  stubs.o ABSOLUTE
    _printf_sizespec                         0x00000000   Number         0  stubs.o ABSOLUTE
    _printf_str                              0x00000000   Number         0  stubs.o ABSOLUTE
    _printf_truncate_signed                  0x00000000   Number         0  stubs.o ABSOLUTE
    _printf_truncate_unsigned                0x00000000   Number         0  stubs.o ABSOLUTE
    _printf_u                                0x00000000   Number         0  stubs.o ABSOLUTE
    _printf_wc                               0x00000000   Number         0  stubs.o ABSOLUTE
    _printf_wctomb                           0x00000000   Number         0  stubs.o ABSOLUTE
    _printf_widthprec                        0x00000000   Number         0  stubs.o ABSOLUTE
    _printf_x                                0x00000000   Number         0  stubs.o ABSOLUTE
    __arm_fini_                               - Undefined Weak Reference
    __cpp_initialize__aeabi_                  - Undefined Weak Reference
    __cxa_finalize                            - Undefined Weak Reference
    __decompress                              - Undefined Weak Reference
    _clock_init                               - Undefined Weak Reference
    _microlib_exit                            - Undefined Weak Reference
    __Vectors_Size                           0x000000ec   Number         0  startup_stm32f103x6.o ABSOLUTE
    __Vectors                                0x08000000   Data           4  startup_stm32f103x6.o(RESET)
    __Vectors_End                            0x080000ec   Data           0  startup_stm32f103x6.o(RESET)
    __main                                   0x080000ed   Thumb Code     0  entry.o(.ARM.Collect$$$$00000000)
    _main_stk                                0x080000ed   Thumb Code     0  entry2.o(.ARM.Collect$$$$00000001)
    _main_scatterload                        0x080000f1   Thumb Code     0  entry5.o(.ARM.Collect$$$$00000004)
    __main_after_scatterload                 0x080000f5   Thumb Code     0  entry5.o(.ARM.Collect$$$$00000004)
    _main_clock                              0x080000f5   Thumb Code     0  entry7b.o(.ARM.Collect$$$$00000008)
    _main_cpp_init                           0x080000f5   Thumb Code     0  entry8b.o(.ARM.Collect$$$$0000000A)
    _main_init                               0x080000f5   Thumb Code     0  entry9a.o(.ARM.Collect$$$$0000000B)
    __rt_lib_shutdown_fini                   0x080000fd   Thumb Code     0  entry12b.o(.ARM.Collect$$$$0000000E)
    __rt_final_cpp                           0x08000101   Thumb Code     0  entry10a.o(.ARM.Collect$$$$0000000F)
    __rt_final_exit                          0x08000101   Thumb Code     0  entry11a.o(.ARM.Collect$$$$00000011)
    Reset_Handler                            0x08000105   Thumb Code     8  startup_stm32f103x6.o(.text)
    ADC1_2_IRQHandler                        0x0800011f   Thumb Code     0  startup_stm32f103x6.o(.text)
    CAN1_RX1_IRQHandler                      0x0800011f   Thumb Code     0  startup_stm32f103x6.o(.text)
    CAN1_SCE_IRQHandler                      0x0800011f   Thumb Code     0  startup_stm32f103x6.o(.text)
    DMA1_Channel2_IRQHandler                 0x0800011f   Thumb Code     0  startup_stm32f103x6.o(.text)
    DMA1_Channel3_IRQHandler                 0x0800011f   Thumb Code     0  startup_stm32f103x6.o(.text)
    DMA1_Channel4_IRQHandler                 0x0800011f   Thumb Code     0  startup_stm32f103x6.o(.text)
    DMA1_Channel5_IRQHandler                 0x0800011f   Thumb Code     0  startup_stm32f103x6.o(.text)
    DMA1_Channel6_IRQHandler                 0x0800011f   Thumb Code     0  startup_stm32f103x6.o(.text)
    DMA1_Channel7_IRQHandler                 0x0800011f   Thumb Code     0  startup_stm32f103x6.o(.text)
    EXTI0_IRQHandler                         0x0800011f   Thumb Code     0  startup_stm32f103x6.o(.text)
    EXTI1_IRQHandler                         0x0800011f   Thumb Code     0  startup_stm32f103x6.o(.text)
    EXTI2_IRQHandler                         0x0800011f   Thumb Code     0  startup_stm32f103x6.o(.text)
    EXTI3_IRQHandler                         0x0800011f   Thumb Code     0  startup_stm32f103x6.o(.text)
    EXTI4_IRQHandler                         0x0800011f   Thumb Code     0  startup_stm32f103x6.o(.text)
    EXTI9_5_IRQHandler                       0x0800011f   Thumb Code     0  startup_stm32f103x6.o(.text)
    FLASH_IRQHandler                         0x0800011f   Thumb Code     0  startup_stm32f103x6.o(.text)
    I2C1_ER_IRQHandler                       0x0800011f   Thumb Code     0  startup_stm32f103x6.o(.text)
    I2C1_EV_IRQHandler                       0x0800011f   Thumb Code     0  startup_stm32f103x6.o(.text)
    PVD_IRQHandler                           0x0800011f   Thumb Code     0  startup_stm32f103x6.o(.text)
    RCC_IRQHandler                           0x0800011f   Thumb Code     0  startup_stm32f103x6.o(.text)
    RTC_Alarm_IRQHandler                     0x0800011f   Thumb Code     0  startup_stm32f103x6.o(.text)
    RTC_IRQHandler                           0x0800011f   Thumb Code     0  startup_stm32f103x6.o(.text)
    SPI1_IRQHandler                          0x0800011f   Thumb Code     0  startup_stm32f103x6.o(.text)
    TAMPER_IRQHandler                        0x0800011f   Thumb Code     0  startup_stm32f103x6.o(.text)
    TIM1_BRK_IRQHandler                      0x0800011f   Thumb Code     0  startup_stm32f103x6.o(.text)
    TIM1_CC_IRQHandler                       0x0800011f   Thumb Code     0  startup_stm32f103x6.o(.text)
    TIM1_TRG_COM_IRQHandler                  0x0800011f   Thumb Code     0  startup_stm32f103x6.o(.text)
    TIM3_IRQHandler                          0x0800011f   Thumb Code     0  startup_stm32f103x6.o(.text)
    USART2_IRQHandler                        0x0800011f   Thumb Code     0  startup_stm32f103x6.o(.text)
    USBWakeUp_IRQHandler                     0x0800011f   Thumb Code     0  startup_stm32f103x6.o(.text)
    USB_HP_CAN1_TX_IRQHandler                0x0800011f   Thumb Code     0  startup_stm32f103x6.o(.text)
    USB_LP_CAN1_RX0_IRQHandler               0x0800011f   Thumb Code     0  startup_stm32f103x6.o(.text)
    WWDG_IRQHandler                          0x0800011f   Thumb Code     0  startup_stm32f103x6.o(.text)
    __aeabi_uldivmod                         0x08000129   Thumb Code    98  uldiv.o(.text)
    __aeabi_llsr                             0x0800018b   Thumb Code    32  llushr.o(.text)
    _ll_ushift_r                             0x0800018b   Thumb Code     0  llushr.o(.text)
    __aeabi_memset                           0x080001ab   Thumb Code    14  memseta.o(.text)
    __aeabi_memset4                          0x080001ab   Thumb Code     0  memseta.o(.text)
    __aeabi_memset8                          0x080001ab   Thumb Code     0  memseta.o(.text)
    __aeabi_memclr                           0x080001b9   Thumb Code     4  memseta.o(.text)
    __aeabi_memclr4                          0x080001b9   Thumb Code     0  memseta.o(.text)
    __aeabi_memclr8                          0x080001b9   Thumb Code     0  memseta.o(.text)
    _memset$wrapper                          0x080001bd   Thumb Code    18  memseta.o(.text)
    strncmp                                  0x080001cf   Thumb Code    30  strncmp.o(.text)
    __aeabi_fadd                             0x080001ed   Thumb Code   164  fadd.o(.text)
    __aeabi_fsub                             0x08000291   Thumb Code     6  fadd.o(.text)
    __aeabi_frsub                            0x08000297   Thumb Code     6  fadd.o(.text)
    __aeabi_fmul                             0x0800029d   Thumb Code   100  fmul.o(.text)
    __aeabi_fdiv                             0x08000301   Thumb Code   124  fdiv.o(.text)
    __ARM_scalbnf                            0x0800037d   Thumb Code    24  fscalb.o(.text)
    scalbnf                                  0x0800037d   Thumb Code     0  fscalb.o(.text)
    __aeabi_dadd                             0x08000395   Thumb Code   322  dadd.o(.text)
    __aeabi_dsub                             0x080004d7   Thumb Code     6  dadd.o(.text)
    __aeabi_drsub                            0x080004dd   Thumb Code     6  dadd.o(.text)
    __ARM_scalbn                             0x080004e3   Thumb Code    46  dscalb.o(.text)
    scalbn                                   0x080004e3   Thumb Code     0  dscalb.o(.text)
    __aeabi_ui2f                             0x08000511   Thumb Code    10  ffltui.o(.text)
    __aeabi_ui2d                             0x0800051b   Thumb Code    26  dfltui.o(.text)
    __aeabi_f2d                              0x08000535   Thumb Code    38  f2d.o(.text)
    __aeabi_d2f                              0x0800055b   Thumb Code    56  d2f.o(.text)
    __aeabi_uidiv                            0x08000593   Thumb Code     0  uidiv.o(.text)
    __aeabi_uidivmod                         0x08000593   Thumb Code    44  uidiv.o(.text)
    __aeabi_llsl                             0x080005bf   Thumb Code    30  llshl.o(.text)
    _ll_shift_l                              0x080005bf   Thumb Code     0  llshl.o(.text)
    __aeabi_lasr                             0x080005dd   Thumb Code    36  llsshr.o(.text)
    _ll_sshift_r                             0x080005dd   Thumb Code     0  llsshr.o(.text)
    __I$use$fp                               0x08000601   Thumb Code     0  iusefp.o(.text)
    _float_round                             0x08000601   Thumb Code    18  fepilogue.o(.text)
    _float_epilogue                          0x08000613   Thumb Code    92  fepilogue.o(.text)
    _double_round                            0x0800066f   Thumb Code    30  depilogue.o(.text)
    _double_epilogue                         0x0800068d   Thumb Code   156  depilogue.o(.text)
    __aeabi_dmul                             0x08000729   Thumb Code   228  dmul.o(.text)
    __aeabi_ddiv                             0x0800080d   Thumb Code   222  ddiv.o(.text)
    __aeabi_d2ulz                            0x080008eb   Thumb Code    48  dfixul.o(.text)
    __aeabi_cdrcmple                         0x0800091d   Thumb Code    48  cdrcmple.o(.text)
    __scatterload                            0x0800094d   Thumb Code    28  init.o(.text)
    __scatterload_rt2                        0x0800094d   Thumb Code     0  init.o(.text)
    ADC_ConversionStop_Disable               0x08000971   Thumb Code    92  stm32f1xx_hal_adc.o(i.ADC_ConversionStop_Disable)
    ADC_DMAConvCplt                          0x080009cd   Thumb Code    82  stm32f1xx_hal_adc.o(i.ADC_DMAConvCplt)
    ADC_DMAError                             0x08000a1f   Thumb Code    26  stm32f1xx_hal_adc.o(i.ADC_DMAError)
    ADC_DMAHalfConvCplt                      0x08000a39   Thumb Code    10  stm32f1xx_hal_adc.o(i.ADC_DMAHalfConvCplt)
    ADC_Enable                               0x08000a45   Thumb Code   128  stm32f1xx_hal_adc.o(i.ADC_Enable)
    BusFault_Handler                         0x08000acd   Thumb Code     2  stm32f1xx_it.o(i.BusFault_Handler)
    DMA1_Channel1_IRQHandler                 0x08000ad1   Thumb Code     6  stm32f1xx_it.o(i.DMA1_Channel1_IRQHandler)
    DebugMon_Handler                         0x08000b15   Thumb Code     2  stm32f1xx_it.o(i.DebugMon_Handler)
    EXTI15_10_IRQHandler                     0x08000b17   Thumb Code    22  stm32f1xx_it.o(i.EXTI15_10_IRQHandler)
    Error_Handler                            0x08000b2d   Thumb Code     2  main.o(i.Error_Handler)
    HAL_ADC_ConfigChannel                    0x08000b31   Thumb Code   288  stm32f1xx_hal_adc.o(i.HAL_ADC_ConfigChannel)
    HAL_ADC_ConvCpltCallback                 0x08000c59   Thumb Code     2  stm32f1xx_hal_adc.o(i.HAL_ADC_ConvCpltCallback)
    HAL_ADC_ConvHalfCpltCallback             0x08000c5b   Thumb Code     2  stm32f1xx_hal_adc.o(i.HAL_ADC_ConvHalfCpltCallback)
    HAL_ADC_ErrorCallback                    0x08000c5d   Thumb Code     2  stm32f1xx_hal_adc.o(i.HAL_ADC_ErrorCallback)
    HAL_ADC_Init                             0x08000c61   Thumb Code   280  stm32f1xx_hal_adc.o(i.HAL_ADC_Init)
    HAL_ADC_MspInit                          0x08000d81   Thumb Code   124  adc.o(i.HAL_ADC_MspInit)
    HAL_ADC_Start_DMA                        0x08000e11   Thumb Code   282  stm32f1xx_hal_adc.o(i.HAL_ADC_Start_DMA)
    HAL_ADC_Stop_DMA                         0x08000f41   Thumb Code    94  stm32f1xx_hal_adc.o(i.HAL_ADC_Stop_DMA)
    HAL_DMA_Abort                            0x08000f9f   Thumb Code    72  stm32f1xx_hal_dma.o(i.HAL_DMA_Abort)
    HAL_DMA_Abort_IT                         0x08000fe9   Thumb Code   136  stm32f1xx_hal_dma.o(i.HAL_DMA_Abort_IT)
    HAL_DMA_IRQHandler                       0x0800108d   Thumb Code   338  stm32f1xx_hal_dma.o(i.HAL_DMA_IRQHandler)
    HAL_DMA_Init                             0x080011fd   Thumb Code   118  stm32f1xx_hal_dma.o(i.HAL_DMA_Init)
    HAL_DMA_Start_IT                         0x08001281   Thumb Code   124  stm32f1xx_hal_dma.o(i.HAL_DMA_Start_IT)
    HAL_Delay                                0x080012fd   Thumb Code    34  stm32f1xx_hal.o(i.HAL_Delay)
    HAL_GPIO_EXTI_Callback                   0x08001325   Thumb Code    66  main.o(i.HAL_GPIO_EXTI_Callback)
    HAL_GPIO_EXTI_IRQHandler                 0x08001371   Thumb Code    18  stm32f1xx_hal_gpio.o(i.HAL_GPIO_EXTI_IRQHandler)
    HAL_GPIO_Init                            0x08001389   Thumb Code   482  stm32f1xx_hal_gpio.o(i.HAL_GPIO_Init)
    HAL_GetTick                              0x08001579   Thumb Code     6  stm32f1xx_hal.o(i.HAL_GetTick)
    HAL_IncTick                              0x08001585   Thumb Code    12  stm32f1xx_hal.o(i.HAL_IncTick)
    HAL_Init                                 0x08001595   Thumb Code    32  stm32f1xx_hal.o(i.HAL_Init)
    HAL_InitTick                             0x080015b9   Thumb Code    58  stm32f1xx_hal.o(i.HAL_InitTick)
    HAL_MspInit                              0x080015fd   Thumb Code    52  stm32f1xx_hal_msp.o(i.HAL_MspInit)
    HAL_NVIC_EnableIRQ                       0x08001639   Thumb Code    28  stm32f1xx_hal_cortex.o(i.HAL_NVIC_EnableIRQ)
    HAL_NVIC_SetPriority                     0x08001655   Thumb Code    98  stm32f1xx_hal_cortex.o(i.HAL_NVIC_SetPriority)
    HAL_NVIC_SetPriorityGrouping             0x080016bd   Thumb Code    30  stm32f1xx_hal_cortex.o(i.HAL_NVIC_SetPriorityGrouping)
    HAL_RCCEx_PeriphCLKConfig                0x080016e1   Thumb Code   290  stm32f1xx_hal_rcc_ex.o(i.HAL_RCCEx_PeriphCLKConfig)
    HAL_RCC_ClockConfig                      0x08001811   Thumb Code   364  stm32f1xx_hal_rcc.o(i.HAL_RCC_ClockConfig)
    HAL_RCC_GetHCLKFreq                      0x08001991   Thumb Code     6  stm32f1xx_hal_rcc.o(i.HAL_RCC_GetHCLKFreq)
    HAL_RCC_GetPCLK1Freq                     0x0800199d   Thumb Code    22  stm32f1xx_hal_rcc.o(i.HAL_RCC_GetPCLK1Freq)
    HAL_RCC_GetPCLK2Freq                     0x080019bd   Thumb Code    22  stm32f1xx_hal_rcc.o(i.HAL_RCC_GetPCLK2Freq)
    HAL_RCC_GetSysClockFreq                  0x080019dd   Thumb Code    88  stm32f1xx_hal_rcc.o(i.HAL_RCC_GetSysClockFreq)
    HAL_RCC_OscConfig                        0x08001a55   Thumb Code  1068  stm32f1xx_hal_rcc.o(i.HAL_RCC_OscConfig)
    HAL_SYSTICK_Config                       0x08001e81   Thumb Code    36  stm32f1xx_hal_cortex.o(i.HAL_SYSTICK_Config)
    HAL_TIMEx_BreakCallback                  0x08001ea9   Thumb Code     2  stm32f1xx_hal_tim_ex.o(i.HAL_TIMEx_BreakCallback)
    HAL_TIMEx_CommutCallback                 0x08001eab   Thumb Code     2  stm32f1xx_hal_tim_ex.o(i.HAL_TIMEx_CommutCallback)
    HAL_TIMEx_MasterConfigSynchronization    0x08001ead   Thumb Code   104  stm32f1xx_hal_tim_ex.o(i.HAL_TIMEx_MasterConfigSynchronization)
    HAL_TIM_Base_Init                        0x08001f15   Thumb Code    92  stm32f1xx_hal_tim.o(i.HAL_TIM_Base_Init)
    HAL_TIM_Base_MspInit                     0x08001f71   Thumb Code   108  tim.o(i.HAL_TIM_Base_MspInit)
    HAL_TIM_Base_Start                       0x08001fe9   Thumb Code    78  stm32f1xx_hal_tim.o(i.HAL_TIM_Base_Start)
    HAL_TIM_Base_Start_IT                    0x08002037   Thumb Code    88  stm32f1xx_hal_tim.o(i.HAL_TIM_Base_Start_IT)
    HAL_TIM_Base_Stop                        0x0800208f   Thumb Code    38  stm32f1xx_hal_tim.o(i.HAL_TIM_Base_Stop)
    HAL_TIM_Base_Stop_IT                     0x080020b5   Thumb Code    48  stm32f1xx_hal_tim.o(i.HAL_TIM_Base_Stop_IT)
    HAL_TIM_ConfigClockSource                0x080020e5   Thumb Code   228  stm32f1xx_hal_tim.o(i.HAL_TIM_ConfigClockSource)
    HAL_TIM_IC_CaptureCallback               0x080021c9   Thumb Code     2  stm32f1xx_hal_tim.o(i.HAL_TIM_IC_CaptureCallback)
    HAL_TIM_IRQHandler                       0x080021cb   Thumb Code   372  stm32f1xx_hal_tim.o(i.HAL_TIM_IRQHandler)
    HAL_TIM_MspPostInit                      0x08002341   Thumb Code    62  tim.o(i.HAL_TIM_MspPostInit)
    HAL_TIM_OC_DelayElapsedCallback          0x0800238d   Thumb Code     2  stm32f1xx_hal_tim.o(i.HAL_TIM_OC_DelayElapsedCallback)
    HAL_TIM_PWM_ConfigChannel                0x0800238f   Thumb Code   210  stm32f1xx_hal_tim.o(i.HAL_TIM_PWM_ConfigChannel)
    HAL_TIM_PWM_Init                         0x08002461   Thumb Code    92  stm32f1xx_hal_tim.o(i.HAL_TIM_PWM_Init)
    HAL_TIM_PWM_MspInit                      0x080024bd   Thumb Code     2  stm32f1xx_hal_tim.o(i.HAL_TIM_PWM_MspInit)
    HAL_TIM_PWM_PulseFinishedCallback        0x080024bf   Thumb Code     2  stm32f1xx_hal_tim.o(i.HAL_TIM_PWM_PulseFinishedCallback)
    HAL_TIM_PWM_Start                        0x080024c1   Thumb Code   158  stm32f1xx_hal_tim.o(i.HAL_TIM_PWM_Start)
    HAL_TIM_PWM_Stop                         0x08002565   Thumb Code   114  stm32f1xx_hal_tim.o(i.HAL_TIM_PWM_Stop)
    HAL_TIM_PeriodElapsedCallback            0x080025d9   Thumb Code    38  main.o(i.HAL_TIM_PeriodElapsedCallback)
    HAL_TIM_TriggerCallback                  0x0800260d   Thumb Code     2  stm32f1xx_hal_tim.o(i.HAL_TIM_TriggerCallback)
    HAL_UARTEx_RxEventCallback               0x0800260f   Thumb Code     2  stm32f1xx_hal_uart.o(i.HAL_UARTEx_RxEventCallback)
    HAL_UART_ErrorCallback                   0x08002611   Thumb Code     2  stm32f1xx_hal_uart.o(i.HAL_UART_ErrorCallback)
    HAL_UART_IRQHandler                      0x08002615   Thumb Code   506  stm32f1xx_hal_uart.o(i.HAL_UART_IRQHandler)
    HAL_UART_Init                            0x08002815   Thumb Code   100  stm32f1xx_hal_uart.o(i.HAL_UART_Init)
    HAL_UART_MspInit                         0x08002879   Thumb Code   128  usart.o(i.HAL_UART_MspInit)
    HAL_UART_Receive                         0x08002909   Thumb Code   212  stm32f1xx_hal_uart.o(i.HAL_UART_Receive)
    HAL_UART_RxCpltCallback                  0x080029dd   Thumb Code     2  stm32f1xx_hal_uart.o(i.HAL_UART_RxCpltCallback)
    HAL_UART_Transmit                        0x080029df   Thumb Code   202  stm32f1xx_hal_uart.o(i.HAL_UART_Transmit)
    HAL_UART_TxCpltCallback                  0x08002aa9   Thumb Code     2  stm32f1xx_hal_uart.o(i.HAL_UART_TxCpltCallback)
    HardFault_Handler                        0x08002aab   Thumb Code     2  stm32f1xx_it.o(i.HardFault_Handler)
    Lumos                                    0x08002aad   Thumb Code    52  main.o(i.Lumos)
    MX_ADC1_Init                             0x08002ae5   Thumb Code    90  adc.o(i.MX_ADC1_Init)
    MX_DMA_Init                              0x08002b49   Thumb Code    40  dma.o(i.MX_DMA_Init)
    MX_GPIO_Init                             0x08002b75   Thumb Code   112  gpio.o(i.MX_GPIO_Init)
    MX_TIM1_Init                             0x08002bf5   Thumb Code    96  tim.o(i.MX_TIM1_Init)
    MX_TIM2_Init                             0x08002c5d   Thumb Code   100  tim.o(i.MX_TIM2_Init)
    MX_TIM3_Init                             0x08002cc5   Thumb Code   148  tim.o(i.MX_TIM3_Init)
    MX_USART1_UART_Init                      0x08002d61   Thumb Code    48  usart.o(i.MX_USART1_UART_Init)
    MemManage_Handler                        0x08002d99   Thumb Code     2  stm32f1xx_it.o(i.MemManage_Handler)
    NMI_Handler                              0x08002d9b   Thumb Code     2  stm32f1xx_it.o(i.NMI_Handler)
    PendSV_Handler                           0x08002d9d   Thumb Code     2  stm32f1xx_it.o(i.PendSV_Handler)
    SVC_Handler                              0x08002dc5   Thumb Code     2  stm32f1xx_it.o(i.SVC_Handler)
    SysTick_Handler                          0x08002dc7   Thumb Code     4  stm32f1xx_it.o(i.SysTick_Handler)
    SystemClock_Config                       0x08002dcb   Thumb Code    96  main.o(i.SystemClock_Config)
    SystemInit                               0x08002e2b   Thumb Code     2  system_stm32f1xx.o(i.SystemInit)
    TIM1_UP_IRQHandler                       0x08002e2d   Thumb Code     6  stm32f1xx_it.o(i.TIM1_UP_IRQHandler)
    TIM2_IRQHandler                          0x08002e39   Thumb Code     6  stm32f1xx_it.o(i.TIM2_IRQHandler)
    TIM_Base_SetConfig                       0x08002e45   Thumb Code    96  stm32f1xx_hal_tim.o(i.TIM_Base_SetConfig)
    TIM_CCxChannelCmd                        0x08002ead   Thumb Code    30  stm32f1xx_hal_tim.o(i.TIM_CCxChannelCmd)
    TIM_ETR_SetConfig                        0x08002ecb   Thumb Code    22  stm32f1xx_hal_tim.o(i.TIM_ETR_SetConfig)
    TIM_OC2_SetConfig                        0x08002f59   Thumb Code   100  stm32f1xx_hal_tim.o(i.TIM_OC2_SetConfig)
    USART1_IRQHandler                        0x08003379   Thumb Code     6  stm32f1xx_it.o(i.USART1_IRQHandler)
    UsageFault_Handler                       0x08003385   Thumb Code     2  stm32f1xx_it.o(i.UsageFault_Handler)
    __0printf                                0x08003389   Thumb Code    22  printfa.o(i.__0printf)
    __1printf                                0x08003389   Thumb Code     0  printfa.o(i.__0printf)
    __2printf                                0x08003389   Thumb Code     0  printfa.o(i.__0printf)
    __c89printf                              0x08003389   Thumb Code     0  printfa.o(i.__0printf)
    printf                                   0x08003389   Thumb Code     0  printfa.o(i.__0printf)
    __scatterload_copy                       0x080033a9   Thumb Code    14  handlers.o(i.__scatterload_copy)
    __scatterload_null                       0x080033b7   Thumb Code     2  handlers.o(i.__scatterload_null)
    __scatterload_zeroinit                   0x080033b9   Thumb Code    14  handlers.o(i.__scatterload_zeroinit)
    fgetc                                    0x08003c55   Thumb Code    32  usart.o(i.fgetc)
    fputc                                    0x08003c79   Thumb Code    20  usart.o(i.fputc)
    gets                                     0x08003c91   Thumb Code    42  gets.o(i.gets)
    main                                     0x08003cc1   Thumb Code   388  main.o(i.main)
    motor_init                               0x08003e59   Thumb Code    68  main.o(i.motor_init)
    printUart                                0x08003ead   Thumb Code    36  main.o(i.printUart)
    sonic_init                               0x08003ee1   Thumb Code   196  main.o(i.sonic_init)
    AHBPrescTable                            0x08003fb4   Data          16  system_stm32f1xx.o(.constdata)
    APBPrescTable                            0x08003fc4   Data           8  system_stm32f1xx.o(.constdata)
    Region$$Table$$Base                      0x08003fcc   Number         0  anon$$obj.o(Region$$Table)
    Region$$Table$$Limit                     0x08003fec   Number         0  anon$$obj.o(Region$$Table)
    SEQ_flag                                 0x20000000   Data           2  main.o(.data)
    DMA_flag                                 0x20000002   Data           2  main.o(.data)
    delta_t                                  0x20000004   Data           2  main.o(.data)
    SystemCoreClock                          0x20000008   Data           4  system_stm32f1xx.o(.data)
    uwTickFreq                               0x2000000c   Data           1  stm32f1xx_hal.o(.data)
    uwTickPrio                               0x20000010   Data           4  stm32f1xx_hal.o(.data)
    uwTick                                   0x20000014   Data           4  stm32f1xx_hal.o(.data)
    __stdin                                  0x20000018   Data           4  stdin.o(.data)
    __stdout                                 0x2000001c   Data           4  stdout.o(.data)
    hadc1                                    0x20000020   Data          48  adc.o(.bss)
    hdma_adc1                                0x20000050   Data          68  adc.o(.bss)
    htim1                                    0x20000094   Data          72  tim.o(.bss)
    htim2                                    0x200000dc   Data          72  tim.o(.bss)
    htim3                                    0x20000124   Data          72  tim.o(.bss)
    huart1                                   0x2000016c   Data          68  usart.o(.bss)
    __initial_sp                             0x200005b0   Data           0  startup_stm32f103x6.o(STACK)



==============================================================================

Memory Map of the image

  Image Entry point : 0x080000ed

  Load Region LR_IROM1 (Base: 0x08000000, Size: 0x0000400c, Max: 0x00008000, ABSOLUTE)

    Execution Region ER_IROM1 (Exec base: 0x08000000, Load base: 0x08000000, Size: 0x00003fec, Max: 0x00008000, ABSOLUTE)

    Exec Addr    Load Addr    Size         Type   Attr      Idx    E Section Name        Object

    0x08000000   0x08000000   0x000000ec   Data   RO            3    RESET               startup_stm32f103x6.o
    0x080000ec   0x080000ec   0x00000000   Code   RO         3234  * .ARM.Collect$$$$00000000  mc_w.l(entry.o)
    0x080000ec   0x080000ec   0x00000004   Code   RO         3528    .ARM.Collect$$$$00000001  mc_w.l(entry2.o)
    0x080000f0   0x080000f0   0x00000004   Code   RO         3531    .ARM.Collect$$$$00000004  mc_w.l(entry5.o)
    0x080000f4   0x080000f4   0x00000000   Code   RO         3533    .ARM.Collect$$$$00000008  mc_w.l(entry7b.o)
    0x080000f4   0x080000f4   0x00000000   Code   RO         3535    .ARM.Collect$$$$0000000A  mc_w.l(entry8b.o)
    0x080000f4   0x080000f4   0x00000008   Code   RO         3536    .ARM.Collect$$$$0000000B  mc_w.l(entry9a.o)
    0x080000fc   0x080000fc   0x00000004   Code   RO         3543    .ARM.Collect$$$$0000000E  mc_w.l(entry12b.o)
    0x08000100   0x08000100   0x00000000   Code   RO         3538    .ARM.Collect$$$$0000000F  mc_w.l(entry10a.o)
    0x08000100   0x08000100   0x00000000   Code   RO         3540    .ARM.Collect$$$$00000011  mc_w.l(entry11a.o)
    0x08000100   0x08000100   0x00000004   Code   RO         3529    .ARM.Collect$$$$00002712  mc_w.l(entry2.o)
    0x08000104   0x08000104   0x00000024   Code   RO            4    .text               startup_stm32f103x6.o
    0x08000128   0x08000128   0x00000062   Code   RO         3239    .text               mc_w.l(uldiv.o)
    0x0800018a   0x0800018a   0x00000020   Code   RO         3241    .text               mc_w.l(llushr.o)
    0x080001aa   0x080001aa   0x00000024   Code   RO         3243    .text               mc_w.l(memseta.o)
    0x080001ce   0x080001ce   0x0000001e   Code   RO         3245    .text               mc_w.l(strncmp.o)
    0x080001ec   0x080001ec   0x000000b0   Code   RO         3508    .text               mf_w.l(fadd.o)
    0x0800029c   0x0800029c   0x00000064   Code   RO         3510    .text               mf_w.l(fmul.o)
    0x08000300   0x08000300   0x0000007c   Code   RO         3512    .text               mf_w.l(fdiv.o)
    0x0800037c   0x0800037c   0x00000018   Code   RO         3514    .text               mf_w.l(fscalb.o)
    0x08000394   0x08000394   0x0000014e   Code   RO         3516    .text               mf_w.l(dadd.o)
    0x080004e2   0x080004e2   0x0000002e   Code   RO         3518    .text               mf_w.l(dscalb.o)
    0x08000510   0x08000510   0x0000000a   Code   RO         3520    .text               mf_w.l(ffltui.o)
    0x0800051a   0x0800051a   0x0000001a   Code   RO         3522    .text               mf_w.l(dfltui.o)
    0x08000534   0x08000534   0x00000026   Code   RO         3524    .text               mf_w.l(f2d.o)
    0x0800055a   0x0800055a   0x00000038   Code   RO         3526    .text               mf_w.l(d2f.o)
    0x08000592   0x08000592   0x0000002c   Code   RO         3546    .text               mc_w.l(uidiv.o)
    0x080005be   0x080005be   0x0000001e   Code   RO         3548    .text               mc_w.l(llshl.o)
    0x080005dc   0x080005dc   0x00000024   Code   RO         3550    .text               mc_w.l(llsshr.o)
    0x08000600   0x08000600   0x00000000   Code   RO         3552    .text               mc_w.l(iusefp.o)
    0x08000600   0x08000600   0x0000006e   Code   RO         3553    .text               mf_w.l(fepilogue.o)
    0x0800066e   0x0800066e   0x000000ba   Code   RO         3555    .text               mf_w.l(depilogue.o)
    0x08000728   0x08000728   0x000000e4   Code   RO         3557    .text               mf_w.l(dmul.o)
    0x0800080c   0x0800080c   0x000000de   Code   RO         3559    .text               mf_w.l(ddiv.o)
    0x080008ea   0x080008ea   0x00000030   Code   RO         3561    .text               mf_w.l(dfixul.o)
    0x0800091a   0x0800091a   0x00000002   PAD
    0x0800091c   0x0800091c   0x00000030   Code   RO         3563    .text               mf_w.l(cdrcmple.o)
    0x0800094c   0x0800094c   0x00000024   Code   RO         3565    .text               mc_w.l(init.o)
    0x08000970   0x08000970   0x0000005c   Code   RO          614    i.ADC_ConversionStop_Disable  stm32f1xx_hal_adc.o
    0x080009cc   0x080009cc   0x00000052   Code   RO          615    i.ADC_DMAConvCplt   stm32f1xx_hal_adc.o
    0x08000a1e   0x08000a1e   0x0000001a   Code   RO          616    i.ADC_DMAError      stm32f1xx_hal_adc.o
    0x08000a38   0x08000a38   0x0000000a   Code   RO          617    i.ADC_DMAHalfConvCplt  stm32f1xx_hal_adc.o
    0x08000a42   0x08000a42   0x00000002   PAD
    0x08000a44   0x08000a44   0x00000088   Code   RO          618    i.ADC_Enable        stm32f1xx_hal_adc.o
    0x08000acc   0x08000acc   0x00000002   Code   RO          410    i.BusFault_Handler  stm32f1xx_it.o
    0x08000ace   0x08000ace   0x00000002   PAD
    0x08000ad0   0x08000ad0   0x0000000c   Code   RO          411    i.DMA1_Channel1_IRQHandler  stm32f1xx_it.o
    0x08000adc   0x08000adc   0x00000038   Code   RO         1273    i.DMA_SetConfig     stm32f1xx_hal_dma.o
    0x08000b14   0x08000b14   0x00000002   Code   RO          412    i.DebugMon_Handler  stm32f1xx_it.o
    0x08000b16   0x08000b16   0x00000016   Code   RO          413    i.EXTI15_10_IRQHandler  stm32f1xx_it.o
    0x08000b2c   0x08000b2c   0x00000002   Code   RO           13    i.Error_Handler     main.o
    0x08000b2e   0x08000b2e   0x00000002   PAD
    0x08000b30   0x08000b30   0x00000128   Code   RO          620    i.HAL_ADC_ConfigChannel  stm32f1xx_hal_adc.o
    0x08000c58   0x08000c58   0x00000002   Code   RO          621    i.HAL_ADC_ConvCpltCallback  stm32f1xx_hal_adc.o
    0x08000c5a   0x08000c5a   0x00000002   Code   RO          622    i.HAL_ADC_ConvHalfCpltCallback  stm32f1xx_hal_adc.o
    0x08000c5c   0x08000c5c   0x00000002   Code   RO          624    i.HAL_ADC_ErrorCallback  stm32f1xx_hal_adc.o
    0x08000c5e   0x08000c5e   0x00000002   PAD
    0x08000c60   0x08000c60   0x00000120   Code   RO          629    i.HAL_ADC_Init      stm32f1xx_hal_adc.o
    0x08000d80   0x08000d80   0x00000090   Code   RO          231    i.HAL_ADC_MspInit   adc.o
    0x08000e10   0x08000e10   0x00000130   Code   RO          636    i.HAL_ADC_Start_DMA  stm32f1xx_hal_adc.o
    0x08000f40   0x08000f40   0x0000005e   Code   RO          639    i.HAL_ADC_Stop_DMA  stm32f1xx_hal_adc.o
    0x08000f9e   0x08000f9e   0x00000048   Code   RO         1274    i.HAL_DMA_Abort     stm32f1xx_hal_dma.o
    0x08000fe6   0x08000fe6   0x00000002   PAD
    0x08000fe8   0x08000fe8   0x000000a4   Code   RO         1275    i.HAL_DMA_Abort_IT  stm32f1xx_hal_dma.o
    0x0800108c   0x0800108c   0x00000170   Code   RO         1279    i.HAL_DMA_IRQHandler  stm32f1xx_hal_dma.o
    0x080011fc   0x080011fc   0x00000084   Code   RO         1280    i.HAL_DMA_Init      stm32f1xx_hal_dma.o
    0x08001280   0x08001280   0x0000007c   Code   RO         1284    i.HAL_DMA_Start_IT  stm32f1xx_hal_dma.o
    0x080012fc   0x080012fc   0x00000028   Code   RO          897    i.HAL_Delay         stm32f1xx_hal.o
    0x08001324   0x08001324   0x0000004c   Code   RO           14    i.HAL_GPIO_EXTI_Callback  main.o
    0x08001370   0x08001370   0x00000018   Code   RO         1209    i.HAL_GPIO_EXTI_IRQHandler  stm32f1xx_hal_gpio.o
    0x08001388   0x08001388   0x000001f0   Code   RO         1210    i.HAL_GPIO_Init     stm32f1xx_hal_gpio.o
    0x08001578   0x08001578   0x0000000c   Code   RO          901    i.HAL_GetTick       stm32f1xx_hal.o
    0x08001584   0x08001584   0x00000010   Code   RO          907    i.HAL_IncTick       stm32f1xx_hal.o
    0x08001594   0x08001594   0x00000024   Code   RO          908    i.HAL_Init          stm32f1xx_hal.o
    0x080015b8   0x080015b8   0x00000044   Code   RO          909    i.HAL_InitTick      stm32f1xx_hal.o
    0x080015fc   0x080015fc   0x0000003c   Code   RO          516    i.HAL_MspInit       stm32f1xx_hal_msp.o
    0x08001638   0x08001638   0x0000001c   Code   RO         1370    i.HAL_NVIC_EnableIRQ  stm32f1xx_hal_cortex.o
    0x08001654   0x08001654   0x00000068   Code   RO         1376    i.HAL_NVIC_SetPriority  stm32f1xx_hal_cortex.o
    0x080016bc   0x080016bc   0x00000024   Code   RO         1377    i.HAL_NVIC_SetPriorityGrouping  stm32f1xx_hal_cortex.o
    0x080016e0   0x080016e0   0x00000130   Code   RO         1173    i.HAL_RCCEx_PeriphCLKConfig  stm32f1xx_hal_rcc_ex.o
    0x08001810   0x08001810   0x00000180   Code   RO         1065    i.HAL_RCC_ClockConfig  stm32f1xx_hal_rcc.o
    0x08001990   0x08001990   0x0000000c   Code   RO         1070    i.HAL_RCC_GetHCLKFreq  stm32f1xx_hal_rcc.o
    0x0800199c   0x0800199c   0x00000020   Code   RO         1072    i.HAL_RCC_GetPCLK1Freq  stm32f1xx_hal_rcc.o
    0x080019bc   0x080019bc   0x00000020   Code   RO         1073    i.HAL_RCC_GetPCLK2Freq  stm32f1xx_hal_rcc.o
    0x080019dc   0x080019dc   0x00000078   Code   RO         1074    i.HAL_RCC_GetSysClockFreq  stm32f1xx_hal_rcc.o
    0x08001a54   0x08001a54   0x0000042c   Code   RO         1077    i.HAL_RCC_OscConfig  stm32f1xx_hal_rcc.o
    0x08001e80   0x08001e80   0x00000028   Code   RO         1381    i.HAL_SYSTICK_Config  stm32f1xx_hal_cortex.o
    0x08001ea8   0x08001ea8   0x00000002   Code   RO         2603    i.HAL_TIMEx_BreakCallback  stm32f1xx_hal_tim_ex.o
    0x08001eaa   0x08001eaa   0x00000002   Code   RO         2604    i.HAL_TIMEx_CommutCallback  stm32f1xx_hal_tim_ex.o
    0x08001eac   0x08001eac   0x00000068   Code   RO         2622    i.HAL_TIMEx_MasterConfigSynchronization  stm32f1xx_hal_tim_ex.o
    0x08001f14   0x08001f14   0x0000005c   Code   RO         1888    i.HAL_TIM_Base_Init  stm32f1xx_hal_tim.o
    0x08001f70   0x08001f70   0x00000078   Code   RO          297    i.HAL_TIM_Base_MspInit  tim.o
    0x08001fe8   0x08001fe8   0x0000004e   Code   RO         1891    i.HAL_TIM_Base_Start  stm32f1xx_hal_tim.o
    0x08002036   0x08002036   0x00000058   Code   RO         1893    i.HAL_TIM_Base_Start_IT  stm32f1xx_hal_tim.o
    0x0800208e   0x0800208e   0x00000026   Code   RO         1894    i.HAL_TIM_Base_Stop  stm32f1xx_hal_tim.o
    0x080020b4   0x080020b4   0x00000030   Code   RO         1896    i.HAL_TIM_Base_Stop_IT  stm32f1xx_hal_tim.o
    0x080020e4   0x080020e4   0x000000e4   Code   RO         1897    i.HAL_TIM_ConfigClockSource  stm32f1xx_hal_tim.o
    0x080021c8   0x080021c8   0x00000002   Code   RO         1922    i.HAL_TIM_IC_CaptureCallback  stm32f1xx_hal_tim.o
    0x080021ca   0x080021ca   0x00000174   Code   RO         1936    i.HAL_TIM_IRQHandler  stm32f1xx_hal_tim.o
    0x0800233e   0x0800233e   0x00000002   PAD
    0x08002340   0x08002340   0x0000004c   Code   RO          298    i.HAL_TIM_MspPostInit  tim.o
    0x0800238c   0x0800238c   0x00000002   Code   RO         1939    i.HAL_TIM_OC_DelayElapsedCallback  stm32f1xx_hal_tim.o
    0x0800238e   0x0800238e   0x000000d2   Code   RO         1960    i.HAL_TIM_PWM_ConfigChannel  stm32f1xx_hal_tim.o
    0x08002460   0x08002460   0x0000005c   Code   RO         1963    i.HAL_TIM_PWM_Init  stm32f1xx_hal_tim.o
    0x080024bc   0x080024bc   0x00000002   Code   RO         1965    i.HAL_TIM_PWM_MspInit  stm32f1xx_hal_tim.o
    0x080024be   0x080024be   0x00000002   Code   RO         1966    i.HAL_TIM_PWM_PulseFinishedCallback  stm32f1xx_hal_tim.o
    0x080024c0   0x080024c0   0x000000a4   Code   RO         1968    i.HAL_TIM_PWM_Start  stm32f1xx_hal_tim.o
    0x08002564   0x08002564   0x00000072   Code   RO         1971    i.HAL_TIM_PWM_Stop  stm32f1xx_hal_tim.o
    0x080025d6   0x080025d6   0x00000002   PAD
    0x080025d8   0x080025d8   0x00000034   Code   RO           15    i.HAL_TIM_PeriodElapsedCallback  main.o
    0x0800260c   0x0800260c   0x00000002   Code   RO         1979    i.HAL_TIM_TriggerCallback  stm32f1xx_hal_tim.o
    0x0800260e   0x0800260e   0x00000002   Code   RO         2881    i.HAL_UARTEx_RxEventCallback  stm32f1xx_hal_uart.o
    0x08002610   0x08002610   0x00000002   Code   RO         2895    i.HAL_UART_ErrorCallback  stm32f1xx_hal_uart.o
    0x08002612   0x08002612   0x00000002   PAD
    0x08002614   0x08002614   0x00000200   Code   RO         2898    i.HAL_UART_IRQHandler  stm32f1xx_hal_uart.o
    0x08002814   0x08002814   0x00000064   Code   RO         2899    i.HAL_UART_Init     stm32f1xx_hal_uart.o
    0x08002878   0x08002878   0x00000090   Code   RO          357    i.HAL_UART_MspInit  usart.o
    0x08002908   0x08002908   0x000000d4   Code   RO         2902    i.HAL_UART_Receive  stm32f1xx_hal_uart.o
    0x080029dc   0x080029dc   0x00000002   Code   RO         2905    i.HAL_UART_RxCpltCallback  stm32f1xx_hal_uart.o
    0x080029de   0x080029de   0x000000ca   Code   RO         2907    i.HAL_UART_Transmit  stm32f1xx_hal_uart.o
    0x08002aa8   0x08002aa8   0x00000002   Code   RO         2910    i.HAL_UART_TxCpltCallback  stm32f1xx_hal_uart.o
    0x08002aaa   0x08002aaa   0x00000002   Code   RO          414    i.HardFault_Handler  stm32f1xx_it.o
    0x08002aac   0x08002aac   0x00000038   Code   RO           16    i.Lumos             main.o
    0x08002ae4   0x08002ae4   0x00000064   Code   RO          232    i.MX_ADC1_Init      adc.o
    0x08002b48   0x08002b48   0x0000002c   Code   RO          272    i.MX_DMA_Init       dma.o
    0x08002b74   0x08002b74   0x00000080   Code   RO          206    i.MX_GPIO_Init      gpio.o
    0x08002bf4   0x08002bf4   0x00000068   Code   RO          299    i.MX_TIM1_Init      tim.o
    0x08002c5c   0x08002c5c   0x00000068   Code   RO          300    i.MX_TIM2_Init      tim.o
    0x08002cc4   0x08002cc4   0x0000009c   Code   RO          301    i.MX_TIM3_Init      tim.o
    0x08002d60   0x08002d60   0x00000038   Code   RO          358    i.MX_USART1_UART_Init  usart.o
    0x08002d98   0x08002d98   0x00000002   Code   RO          415    i.MemManage_Handler  stm32f1xx_it.o
    0x08002d9a   0x08002d9a   0x00000002   Code   RO          416    i.NMI_Handler       stm32f1xx_it.o
    0x08002d9c   0x08002d9c   0x00000002   Code   RO          417    i.PendSV_Handler    stm32f1xx_it.o
    0x08002d9e   0x08002d9e   0x00000002   PAD
    0x08002da0   0x08002da0   0x00000024   Code   RO         1078    i.RCC_Delay         stm32f1xx_hal_rcc.o
    0x08002dc4   0x08002dc4   0x00000002   Code   RO          418    i.SVC_Handler       stm32f1xx_it.o
    0x08002dc6   0x08002dc6   0x00000004   Code   RO          419    i.SysTick_Handler   stm32f1xx_it.o
    0x08002dca   0x08002dca   0x00000060   Code   RO           17    i.SystemClock_Config  main.o
    0x08002e2a   0x08002e2a   0x00000002   Code   RO          541    i.SystemInit        system_stm32f1xx.o
    0x08002e2c   0x08002e2c   0x0000000c   Code   RO          420    i.TIM1_UP_IRQHandler  stm32f1xx_it.o
    0x08002e38   0x08002e38   0x0000000c   Code   RO          421    i.TIM2_IRQHandler   stm32f1xx_it.o
    0x08002e44   0x08002e44   0x00000068   Code   RO         1981    i.TIM_Base_SetConfig  stm32f1xx_hal_tim.o
    0x08002eac   0x08002eac   0x0000001e   Code   RO         1982    i.TIM_CCxChannelCmd  stm32f1xx_hal_tim.o
    0x08002eca   0x08002eca   0x00000016   Code   RO         1992    i.TIM_ETR_SetConfig  stm32f1xx_hal_tim.o
    0x08002ee0   0x08002ee0   0x00000010   Code   RO         1993    i.TIM_ITRx_SetConfig  stm32f1xx_hal_tim.o
    0x08002ef0   0x08002ef0   0x00000068   Code   RO         1994    i.TIM_OC1_SetConfig  stm32f1xx_hal_tim.o
    0x08002f58   0x08002f58   0x00000068   Code   RO         1995    i.TIM_OC2_SetConfig  stm32f1xx_hal_tim.o
    0x08002fc0   0x08002fc0   0x00000068   Code   RO         1996    i.TIM_OC3_SetConfig  stm32f1xx_hal_tim.o
    0x08003028   0x08003028   0x0000004e   Code   RO         1997    i.TIM_OC4_SetConfig  stm32f1xx_hal_tim.o
    0x08003076   0x08003076   0x00000026   Code   RO         1999    i.TIM_TI1_ConfigInputStage  stm32f1xx_hal_tim.o
    0x0800309c   0x0800309c   0x00000024   Code   RO         2001    i.TIM_TI2_ConfigInputStage  stm32f1xx_hal_tim.o
    0x080030c0   0x080030c0   0x00000010   Code   RO         2912    i.UART_DMAAbortOnError  stm32f1xx_hal_uart.o
    0x080030d0   0x080030d0   0x00000030   Code   RO         2922    i.UART_EndRxTransfer  stm32f1xx_hal_uart.o
    0x08003100   0x08003100   0x0000001a   Code   RO         2923    i.UART_EndTransmit_IT  stm32f1xx_hal_uart.o
    0x0800311a   0x0800311a   0x000000be   Code   RO         2925    i.UART_Receive_IT   stm32f1xx_hal_uart.o
    0x080031d8   0x080031d8   0x000000c8   Code   RO         2926    i.UART_SetConfig    stm32f1xx_hal_uart.o
    0x080032a0   0x080032a0   0x0000005e   Code   RO         2929    i.UART_Transmit_IT  stm32f1xx_hal_uart.o
    0x080032fe   0x080032fe   0x00000078   Code   RO         2930    i.UART_WaitOnFlagUntilTimeout  stm32f1xx_hal_uart.o
    0x08003376   0x08003376   0x00000002   PAD
    0x08003378   0x08003378   0x0000000c   Code   RO          422    i.USART1_IRQHandler  stm32f1xx_it.o
    0x08003384   0x08003384   0x00000002   Code   RO          423    i.UsageFault_Handler  stm32f1xx_it.o
    0x08003386   0x08003386   0x00000002   PAD
    0x08003388   0x08003388   0x00000020   Code   RO         3480    i.__0printf         mc_w.l(printfa.o)
    0x080033a8   0x080033a8   0x0000000e   Code   RO         3569    i.__scatterload_copy  mc_w.l(handlers.o)
    0x080033b6   0x080033b6   0x00000002   Code   RO         3570    i.__scatterload_null  mc_w.l(handlers.o)
    0x080033b8   0x080033b8   0x0000000e   Code   RO         3571    i.__scatterload_zeroinit  mc_w.l(handlers.o)
    0x080033c6   0x080033c6   0x00000002   PAD
    0x080033c8   0x080033c8   0x00000184   Code   RO         3487    i._fp_digits        mc_w.l(printfa.o)
    0x0800354c   0x0800354c   0x000006b4   Code   RO         3488    i._printf_core      mc_w.l(printfa.o)
    0x08003c00   0x08003c00   0x00000024   Code   RO         3489    i._printf_post_padding  mc_w.l(printfa.o)
    0x08003c24   0x08003c24   0x0000002e   Code   RO         3490    i._printf_pre_padding  mc_w.l(printfa.o)
    0x08003c52   0x08003c52   0x00000002   PAD
    0x08003c54   0x08003c54   0x00000024   Code   RO          359    i.fgetc             usart.o
    0x08003c78   0x08003c78   0x00000018   Code   RO          360    i.fputc             usart.o
    0x08003c90   0x08003c90   0x00000030   Code   RO         3237    i.gets              mc_w.l(gets.o)
    0x08003cc0   0x08003cc0   0x00000198   Code   RO           18    i.main              main.o
    0x08003e58   0x08003e58   0x00000054   Code   RO           19    i.motor_init        main.o
    0x08003eac   0x08003eac   0x00000034   Code   RO           20    i.printUart         main.o
    0x08003ee0   0x08003ee0   0x000000d4   Code   RO           21    i.sonic_init        main.o
    0x08003fb4   0x08003fb4   0x00000010   Data   RO          542    .constdata          system_stm32f1xx.o
    0x08003fc4   0x08003fc4   0x00000008   Data   RO          543    .constdata          system_stm32f1xx.o
    0x08003fcc   0x08003fcc   0x00000020   Data   RO         3567    Region$$Table       anon$$obj.o


    Execution Region RW_IRAM1 (Exec base: 0x20000000, Load base: 0x08003fec, Size: 0x000005b0, Max: 0x00002800, ABSOLUTE)

    Exec Addr    Load Addr    Size         Type   Attr      Idx    E Section Name        Object

    0x20000000   0x08003fec   0x00000006   Data   RW           22    .data               main.o
    0x20000006   0x08003ff2   0x00000002   PAD
    0x20000008   0x08003ff4   0x00000004   Data   RW          544    .data               system_stm32f1xx.o
    0x2000000c   0x08003ff8   0x0000000c   Data   RW          915    .data               stm32f1xx_hal.o
    0x20000018   0x08004004   0x00000004   Data   RW         3544    .data               mc_w.l(stdin.o)
    0x2000001c   0x08004008   0x00000004   Data   RW         3545    .data               mc_w.l(stdout.o)
    0x20000020        -       0x00000074   Zero   RW          233    .bss                adc.o
    0x20000094        -       0x000000d8   Zero   RW          302    .bss                tim.o
    0x2000016c        -       0x00000044   Zero   RW          361    .bss                usart.o
    0x200001b0        -       0x00000400   Zero   RW            1    STACK               startup_stm32f103x6.o


==============================================================================

Image component sizes


      Code (inc. data)   RO Data    RW Data    ZI Data      Debug   Object Name

       244         30          0          0        116       1563   adc.o
        44          4          0          0          0        654   dma.o
       128         16          0          0          0        803   gpio.o
      1038         96          0          6          0     438829   main.o
        36          8        236          0       1024        764   startup_stm32f103x6.o
       172         30          0         12          0       5237   stm32f1xx_hal.o
      1334         46          0          0          0       8869   stm32f1xx_hal_adc.o
       208         16          0          0          0      28503   stm32f1xx_hal_cortex.o
       916         72          0          0          0       4834   stm32f1xx_hal_dma.o
       520         20          0          0          0       2703   stm32f1xx_hal_gpio.o
        60          8          0          0          0        762   stm32f1xx_hal_msp.o
      1684         98          0          0          0       6556   stm32f1xx_hal_rcc.o
       304         14          0          0          0       1380   stm32f1xx_hal_rcc_ex.o
      2170         28          0          0          0      17319   stm32f1xx_hal_tim.o
       108          0          0          0          0       2293   stm32f1xx_hal_tim_ex.o
      1728         12          0          0          0      11239   stm32f1xx_hal_uart.o
        90         24          0          0          0       5423   stm32f1xx_it.o
         2          0         24          4          0        975   system_stm32f1xx.o
       560         46          0          0        216       3314   tim.o
       260         32          0          0         68       2434   usart.o

    ----------------------------------------------------------------------
     11628        600        292         24       1424     544454   Object Totals
         0          0         32          0          0          0   (incl. Generated)
        22          0          0          2          0          0   (incl. Padding)

    ----------------------------------------------------------------------

      Code (inc. data)   RO Data    RW Data    ZI Data      Debug   Library Member Name

         0          0          0          0          0          0   entry.o
         0          0          0          0          0          0   entry10a.o
         0          0          0          0          0          0   entry11a.o
         4          0          0          0          0          0   entry12b.o
         8          4          0          0          0          0   entry2.o
         4          0          0          0          0          0   entry5.o
         0          0          0          0          0          0   entry7b.o
         0          0          0          0          0          0   entry8b.o
         8          4          0          0          0          0   entry9a.o
        48          6          0          0          0         80   gets.o
        30          0          0          0          0          0   handlers.o
        36          8          0          0          0         68   init.o
         0          0          0          0          0          0   iusefp.o
        30          0          0          0          0         68   llshl.o
        36          0          0          0          0         68   llsshr.o
        32          0          0          0          0         68   llushr.o
        36          0          0          0          0        108   memseta.o
      2218         90          0          0          0        464   printfa.o
         0          0          0          4          0          0   stdin.o
         0          0          0          4          0          0   stdout.o
        30          0          0          0          0         80   strncmp.o
        44          0          0          0          0         80   uidiv.o
        98          0          0          0          0         92   uldiv.o
        48          0          0          0          0         68   cdrcmple.o
        56          0          0          0          0         88   d2f.o
       334          0          0          0          0        148   dadd.o
       222          0          0          0          0        100   ddiv.o
       186          0          0          0          0        176   depilogue.o
        48          0          0          0          0         68   dfixul.o
        26          0          0          0          0         76   dfltui.o
       228          0          0          0          0         96   dmul.o
        46          0          0          0          0         80   dscalb.o
        38          0          0          0          0         68   f2d.o
       176          0          0          0          0        140   fadd.o
       124          0          0          0          0         88   fdiv.o
       110          0          0          0          0        168   fepilogue.o
        10          0          0          0          0         68   ffltui.o
       100          0          0          0          0         76   fmul.o
        24          0          0          0          0         68   fscalb.o

    ----------------------------------------------------------------------
      4444        112          0          8          0       2752   Library Totals
         6          0          0          0          0          0   (incl. Padding)

    ----------------------------------------------------------------------

      Code (inc. data)   RO Data    RW Data    ZI Data      Debug   Library Name

      2662        112          0          8          0       1176   mc_w.l
      1776          0          0          0          0       1576   mf_w.l

    ----------------------------------------------------------------------
      4444        112          0          8          0       2752   Library Totals

    ----------------------------------------------------------------------

==============================================================================


      Code (inc. data)   RO Data    RW Data    ZI Data      Debug   

     16072        712        292         32       1424     540026   Grand Totals
     16072        712        292         32       1424     540026   ELF Image Totals
     16072        712        292         32          0          0   ROM Totals

==============================================================================

    Total RO  Size (Code + RO Data)                16364 (  15.98kB)
    Total RW  Size (RW Data + ZI Data)              1456 (   1.42kB)
    Total ROM Size (Code + RO Data + RW Data)      16396 (  16.01kB)

==============================================================================

